\BOOKMARK [1][-]{section.1}{\376\377\000I\000n\000t\000r\000o\000d\000u\000c\000t\000i\000o\000n}{}% 1
\BOOKMARK [1][-]{section.2}{\376\377\000R\000e\000l\000a\000t\000e\000d\000\040\000W\000o\000r\000k}{}% 2
\BOOKMARK [2][-]{subsection.2.1}{\376\377\000C\000l\000a\000s\000s\000i\000c\000a\000l\000\040\000A\000n\000o\000m\000a\000l\000y\000\040\000D\000e\000t\000e\000c\000t\000i\000o\000n}{section.2}% 3
\BOOKMARK [2][-]{subsection.2.2}{\376\377\000D\000e\000e\000p\000\040\000L\000e\000a\000r\000n\000i\000n\000g\000\040\000A\000p\000p\000r\000o\000a\000c\000h\000e\000s}{section.2}% 4
\BOOKMARK [2][-]{subsection.2.3}{\376\377\000S\000p\000e\000c\000t\000r\000a\000l\000\040\000a\000n\000d\000\040\000D\000y\000n\000a\000m\000i\000c\000a\000l\000\040\000M\000e\000t\000h\000o\000d\000s}{section.2}% 5
\BOOKMARK [2][-]{subsection.2.4}{\376\377\000E\000n\000s\000e\000m\000b\000l\000e\000\040\000a\000n\000d\000\040\000M\000u\000l\000t\000i\000-\000V\000i\000e\000w\000\040\000M\000e\000t\000h\000o\000d\000s}{section.2}% 6
\BOOKMARK [2][-]{subsection.2.5}{\376\377\000O\000u\000t\000-\000o\000f\000-\000D\000i\000s\000t\000r\000i\000b\000u\000t\000i\000o\000n\000\040\000D\000e\000t\000e\000c\000t\000i\000o\000n\000\040\000a\000n\000d\000\040\000U\000n\000c\000e\000r\000t\000a\000i\000n\000t\000y\000\040\000E\000s\000t\000i\000m\000a\000t\000i\000o\000n}{section.2}% 7
\BOOKMARK [2][-]{subsection.2.6}{\376\377\000A\000n\000o\000m\000a\000l\000y\000\040\000D\000e\000t\000e\000c\000t\000i\000o\000n\000\040\000B\000e\000n\000c\000h\000m\000a\000r\000k\000i\000n\000g}{section.2}% 8
\BOOKMARK [2][-]{subsection.2.7}{\376\377\000B\000l\000i\000n\000d\000\040\000S\000p\000o\000t\000\040\000D\000e\000c\000o\000m\000p\000o\000s\000i\000t\000i\000o\000n\000\040\000T\000h\000e\000o\000r\000y}{section.2}% 9
\BOOKMARK [1][-]{section.3}{\376\377\000U\000n\000i\000v\000e\000r\000s\000a\000l\000\040\000D\000e\000v\000i\000a\000t\000i\000o\000n\000\040\000P\000r\000i\000n\000c\000i\000p\000l\000e}{}% 10
\BOOKMARK [2][-]{subsection.3.1}{\376\377\000S\000c\000o\000p\000e\000\040\000a\000n\000d\000\040\000A\000s\000s\000u\000m\000p\000t\000i\000o\000n\000s}{section.3}% 11
\BOOKMARK [2][-]{subsection.3.2}{\376\377\000D\000e\000v\000i\000a\000t\000i\000o\000n\000-\000S\000e\000p\000a\000r\000a\000t\000i\000n\000g\000\040\000O\000p\000e\000r\000a\000t\000o\000r\000\040\000F\000a\000m\000i\000l\000i\000e\000s}{section.3}% 12
\BOOKMARK [2][-]{subsection.3.3}{\376\377\000F\000r\000o\000m\000\040\000S\000e\000n\000s\000i\000t\000i\000v\000i\000t\000y\000\040\000t\000o\000\040\000D\000e\000t\000e\000c\000t\000i\000o\000n}{section.3}% 13
\BOOKMARK [2][-]{subsection.3.4}{\376\377\000M\000a\000i\000n\000\040\000T\000h\000e\000o\000r\000e\000m\000s}{section.3}% 14
\BOOKMARK [1][-]{section.4}{\376\377\000M\000a\000t\000h\000e\000m\000a\000t\000i\000c\000a\000l\000\040\000F\000r\000a\000m\000e\000w\000o\000r\000k}{}% 15
\BOOKMARK [2][-]{subsection.4.1}{\376\377\000R\000e\000p\000r\000e\000s\000e\000n\000t\000a\000t\000i\000o\000n\000\040\000S\000t\000a\000c\000k}{section.4}% 16
\BOOKMARK [3][-]{subsubsection.4.1.1}{\376\377\000S\000t\000a\000t\000i\000s\000t\000i\000c\000a\000l\000\040\000S\000p\000e\000c\000t\000r\000u\000m\000\040\000\050\000s\000t\000a\000t\000:\000\040\000R\000m\000\040\000R\0005\000\051}{subsection.4.1}% 17
\BOOKMARK [3][-]{subsubsection.4.1.2}{\376\377\000C\000h\000a\000o\000s\000\040\000S\000p\000e\000c\000t\000r\000u\000m\000\040\000\050\000c\000h\000a\000o\000s\000:\000\040\000R\000m\000\040\000R\0003\000\051}{subsection.4.1}% 18
\BOOKMARK [3][-]{subsubsection.4.1.3}{\376\377\000S\000p\000e\000c\000t\000r\000a\000l\000\040\000S\000p\000e\000c\000t\000r\000u\000m\000\040\000\050\000f\000r\000e\000q\000:\000\040\000R\000m\000\040\000R\0004\000\051}{subsection.4.1}% 19
\BOOKMARK [3][-]{subsubsection.4.1.4}{\376\377\000G\000e\000o\000m\000e\000t\000r\000i\000c\000\040\000S\000p\000e\000c\000t\000r\000u\000m\000\040\000\050\000g\000e\000o\000m\000:\000\040\000R\000m\000\040\000R\0003\000\051}{subsection.4.1}% 20
\BOOKMARK [3][-]{subsubsection.4.1.5}{\376\377\000E\000x\000p\000o\000n\000e\000n\000t\000i\000a\000l\000\040\000S\000p\000e\000c\000t\000r\000u\000m\000\040\000\050\000e\000x\000p\000:\000\040\000R\000m\000\040\000R\000d\0005\000\051}{subsection.4.1}% 21
\BOOKMARK [2][-]{subsection.4.2}{\376\377\000R\000e\000f\000e\000r\000e\000n\000c\000e\000\040\000C\000e\000n\000t\000r\000o\000i\000d}{section.4}% 22
\BOOKMARK [2][-]{subsection.4.3}{\376\377\000A\000n\000o\000m\000a\000l\000y\000\040\000T\000e\000n\000s\000o\000r\000\040\000a\000n\000d\000\040\000M\000D\000N\000\040\000D\000e\000c\000o\000m\000p\000o\000s\000i\000t\000i\000o\000n}{section.4}% 23
\BOOKMARK [2][-]{subsection.4.4}{\376\377\000H\000y\000p\000e\000r\000p\000l\000a\000n\000e\000\040\000P\000r\000o\000j\000e\000c\000t\000i\000o\000n}{section.4}% 24
\BOOKMARK [2][-]{subsection.4.5}{\376\377\000B\000o\000u\000n\000d\000a\000r\000y\000-\000C\000e\000n\000t\000r\000e\000d\000\040\000D\000i\000m\000e\000n\000s\000i\000o\000n\000\040\000M\000a\000g\000n\000i\000f\000i\000e\000r}{section.4}% 25
\BOOKMARK [2][-]{subsection.4.6}{\376\377\000Q\000D\000A\000-\000M\000a\000g\000n\000i\000f\000i\000e\000d\000\040\000P\000r\000o\000j\000e\000c\000t\000i\000o\000n}{section.4}% 26
\BOOKMARK [2][-]{subsection.4.7}{\376\377\000C\000r\000o\000s\000s\000-\000O\000p\000e\000r\000a\000t\000o\000r\000\040\000C\000o\000u\000p\000l\000i\000n\000g}{section.4}% 27
\BOOKMARK [2][-]{subsection.4.8}{\376\377\000C\000o\000m\000p\000o\000s\000i\000t\000e\000\040\000D\000e\000v\000i\000a\000t\000i\000o\000n\000\040\000S\000c\000o\000r\000e}{section.4}% 28
\BOOKMARK [2][-]{subsection.4.9}{\376\377\000S\000u\000b\000s\000p\000a\000c\000e\000S\000c\000a\000n\000:\000\040\000B\000o\000u\000n\000d\000a\000r\000y\000\040\000R\000e\000s\000c\000u\000e\000\040\000v\000i\000a\000\040\000R\000a\000n\000d\000o\000m\000\040\000S\000u\000b\000s\000p\000a\000c\000e\000\040\000E\000n\000s\000e\000m\000b\000l\000e\000s}{section.4}% 29
\BOOKMARK [1][-]{section.5}{\376\377\000C\000o\000n\000n\000e\000c\000t\000i\000o\000n\000\040\000t\000o\000\040\000B\000l\000i\000n\000d\000\040\000S\000p\000o\000t\000\040\000D\000e\000c\000o\000m\000p\000o\000s\000i\000t\000i\000o\000n\000\040\000T\000h\000e\000o\000r\000y}{}% 30
\BOOKMARK [1][-]{section.6}{\376\377\000E\000x\000p\000e\000r\000i\000m\000e\000n\000t\000a\000l\000\040\000E\000v\000a\000l\000u\000a\000t\000i\000o\000n}{}% 31
\BOOKMARK [2][-]{subsection.6.1}{\376\377\000E\000x\000p\000e\000r\000i\000m\000e\000n\000t\000a\000l\000\040\000S\000e\000t\000u\000p}{section.6}% 32
\BOOKMARK [2][-]{subsection.6.2}{\376\377\000C\000r\000o\000s\000s\000-\000D\000o\000m\000a\000i\000n\000\040\000R\000e\000s\000u\000l\000t\000s}{section.6}% 33
\BOOKMARK [2][-]{subsection.6.3}{\376\377\000P\000e\000r\000-\000O\000p\000e\000r\000a\000t\000o\000r\000\040\000A\000n\000a\000l\000y\000s\000i\000s}{section.6}% 34
\BOOKMARK [2][-]{subsection.6.4}{\376\377\000C\000r\000o\000s\000s\000-\000O\000p\000e\000r\000a\000t\000o\000r\000\040\000C\000o\000u\000p\000l\000i\000n\000g\000\040\000A\000n\000a\000l\000y\000s\000i\000s}{section.6}% 35
\BOOKMARK [2][-]{subsection.6.5}{\376\377\000B\000S\000D\000T\000\040\000I\000n\000t\000e\000g\000r\000a\000t\000i\000o\000n}{section.6}% 36
\BOOKMARK [2][-]{subsection.6.6}{\376\377\000M\000a\000g\000n\000i\000t\000u\000d\000e\000-\000D\000i\000r\000e\000c\000t\000i\000o\000n\000-\000N\000o\000v\000e\000l\000t\000y\000\040\000A\000n\000a\000l\000y\000s\000i\000s}{section.6}% 37
\BOOKMARK [2][-]{subsection.6.7}{\376\377\000E\000x\000t\000e\000n\000d\000e\000d\000\040\000S\000p\000e\000c\000t\000r\000u\000m\000\040\000O\000p\000e\000r\000a\000t\000o\000r\000s}{section.6}% 38
\BOOKMARK [3][-]{subsubsection.6.7.1}{\376\377\000S\000o\000l\000o\000\040\000O\000p\000e\000r\000a\000t\000o\000r\000\040\000C\000o\000v\000e\000r\000a\000g\000e}{subsection.6.7}% 39
\BOOKMARK [3][-]{subsubsection.6.7.2}{\376\377\000O\000p\000e\000r\000a\000t\000o\000r\000\040\000R\000e\000d\000u\000n\000d\000a\000n\000c\000y\000\040\000A\000n\000a\000l\000y\000s\000i\000s}{subsection.6.7}% 40
\BOOKMARK [2][-]{subsection.6.8}{\376\377\000T\000o\000p\000-\000k\000\040\000C\000o\000v\000e\000r\000a\000g\000e\000\040\000a\000s\000\040\000C\000o\000m\000p\000l\000e\000m\000e\000n\000t\000a\000r\000y\000\040\000M\000e\000t\000r\000i\000c}{section.6}% 41
\BOOKMARK [2][-]{subsection.6.9}{\376\377\000P\000r\000o\000j\000e\000c\000t\000i\000o\000n\000\040\000S\000t\000r\000a\000t\000e\000g\000y\000\040\000C\000o\000m\000p\000a\000r\000i\000s\000o\000n}{section.6}% 42
\BOOKMARK [2][-]{subsection.6.10}{\376\377\0002\000D\000\040\000P\000r\000o\000j\000e\000c\000t\000i\000o\000n\000\040\000V\000i\000s\000u\000a\000l\000i\000s\000a\000t\000i\000o\000n}{section.6}% 43
\BOOKMARK [2][-]{subsection.6.11}{\376\377\000C\000o\000m\000p\000a\000r\000i\000s\000o\000n\000\040\000w\000i\000t\000h\000\040\000E\000s\000t\000a\000b\000l\000i\000s\000h\000e\000d\000\040\000M\000e\000t\000h\000o\000d\000s}{section.6}% 44
\BOOKMARK [2][-]{subsection.6.12}{\376\377\000O\000D\000D\000S\000\040\000E\000x\000p\000a\000n\000d\000e\000d\000\040\000B\000e\000n\000c\000h\000m\000a\000r\000k\000:\000\040\000S\000u\000b\000s\000p\000a\000c\000e\000S\000c\000a\000n\000\040\000a\000n\000d\000\040\000G\000a\000t\000e\000d\000\040\000S\000t\000r\000e\000t\000c\000h\000i\000n\000g}{section.6}% 45
\BOOKMARK [2][-]{subsection.6.13}{\376\377\000W\000h\000y\000\040\000M\000u\000l\000t\000i\000-\000S\000p\000e\000c\000t\000r\000u\000m\000\040\000R\000e\000p\000r\000e\000s\000e\000n\000t\000a\000t\000i\000o\000n\000\040\000E\000n\000a\000b\000l\000e\000s\000\040\000M\000a\000g\000n\000i\000f\000i\000c\000a\000t\000i\000o\000n}{section.6}% 46
\BOOKMARK [1][-]{section.7}{\376\377\000D\000i\000s\000c\000u\000s\000s\000i\000o\000n}{}% 47
\BOOKMARK [2][-]{subsection.7.1}{\376\377\000T\000h\000e\000o\000r\000e\000t\000i\000c\000a\000l\000\040\000C\000o\000n\000t\000r\000i\000b\000u\000t\000i\000o\000n\000s}{section.7}% 48
\BOOKMARK [2][-]{subsection.7.2}{\376\377\000P\000r\000a\000c\000t\000i\000c\000a\000l\000\040\000I\000m\000p\000l\000i\000c\000a\000t\000i\000o\000n\000s}{section.7}% 49
\BOOKMARK [2][-]{subsection.7.3}{\376\377\000L\000i\000m\000i\000t\000a\000t\000i\000o\000n\000s}{section.7}% 50
\BOOKMARK [1][-]{section.8}{\376\377\000F\000u\000t\000u\000r\000e\000\040\000W\000o\000r\000k}{}% 51
\BOOKMARK [1][-]{section.9}{\376\377\000C\000o\000n\000c\000l\000u\000s\000i\000o\000n}{}% 52
\BOOKMARK [1][-]{section*.25}{\376\377\000R\000e\000f\000e\000r\000e\000n\000c\000e\000s}{}% 53
