\BOOKMARK [1][-]{section.1}{\376\377\000I\000n\000t\000r\000o\000d\000u\000c\000t\000i\000o\000n}{}% 1
\BOOKMARK [1][-]{section.2}{\376\377\000R\000e\000l\000a\000t\000e\000d\000\040\000W\000o\000r\000k}{}% 2
\BOOKMARK [1][-]{section.3}{\376\377\000U\000n\000i\000v\000e\000r\000s\000a\000l\000\040\000D\000e\000v\000i\000a\000t\000i\000o\000n\000\040\000P\000r\000i\000n\000c\000i\000p\000l\000e\000:\000\040\000T\000h\000e\000o\000r\000y}{}% 3
\BOOKMARK [2][-]{subsection.3.1}{\376\377\000S\000c\000o\000p\000e\000\040\000a\000n\000d\000\040\000A\000s\000s\000u\000m\000p\000t\000i\000o\000n\000s}{section.3}% 4
\BOOKMARK [2][-]{subsection.3.2}{\376\377\000D\000e\000v\000i\000a\000t\000i\000o\000n\000-\000S\000e\000p\000a\000r\000a\000t\000i\000n\000g\000\040\000O\000p\000e\000r\000a\000t\000o\000r\000\040\000F\000a\000m\000i\000l\000i\000e\000s}{section.3}% 5
\BOOKMARK [2][-]{subsection.3.3}{\376\377\000F\000r\000o\000m\000\040\000S\000e\000n\000s\000i\000t\000i\000v\000i\000t\000y\000\040\000t\000o\000\040\000D\000e\000t\000e\000c\000t\000i\000o\000n\000:\000\040\000A\000\040\000N\000o\000r\000m\000a\000l\000\040\000S\000e\000t\000\040\000S}{section.3}% 6
\BOOKMARK [2][-]{subsection.3.4}{\376\377\000M\000a\000i\000n\000\040\000T\000h\000e\000o\000r\000e\000m\000s}{section.3}% 7
\BOOKMARK [2][-]{subsection.3.5}{\376\377\000H\000o\000w\000\040\000J\000\050\000x\000\051\000\040\000i\000s\000\040\000c\000o\000m\000p\000u\000t\000e\000d\000\040\000i\000n\000\040\000p\000r\000a\000c\000t\000i\000c\000e}{section.3}% 8
\BOOKMARK [1][-]{section.4}{\376\377\000S\000y\000s\000t\000e\000m\000\040\000M\000o\000d\000e\000\040\000E\000n\000g\000i\000n\000e\000s\000:\000\040\000P\000h\000y\000s\000i\000c\000s\000-\000B\000a\000s\000e\000d\000\040\000V\000a\000r\000i\000a\000t\000i\000o\000n\000a\000l\000\040\000S\000c\000o\000r\000i\000n\000g}{}% 9
\BOOKMARK [2][-]{subsection.4.1}{\376\377\000C\000o\000m\000m\000o\000n\000\040\000A\000r\000c\000h\000i\000t\000e\000c\000t\000u\000r\000e}{section.4}% 10
\BOOKMARK [2][-]{subsection.4.2}{\376\377\000G\000r\000a\000v\000i\000t\000y\000M\000o\000d\000e\000E\000n\000g\000i\000n\000e\000:\000\040\000G\000a\000u\000s\000s\000i\000a\000n\000\040\000A\000t\000t\000r\000a\000c\000t\000i\000o\000n\000\040\000w\000i\000t\000h\000\040\000C\000o\000u\000l\000o\000m\000b\000\040\000R\000e\000p\000u\000l\000s\000i\000o\000n}{section.4}% 11
\BOOKMARK [2][-]{subsection.4.3}{\376\377\000M\000o\000l\000e\000c\000u\000l\000a\000r\000E\000n\000g\000i\000n\000e\000:\000\040\000L\000e\000n\000n\000a\000r\000d\000-\000J\000o\000n\000e\000s\000\040\000D\000y\000n\000a\000m\000i\000c\000s}{section.4}% 12
\BOOKMARK [2][-]{subsection.4.4}{\376\377\000H\000y\000b\000r\000i\000d\000G\000r\000a\000v\000i\000t\000y\000E\000n\000g\000i\000n\000e\000:\000\040\000A\000d\000a\000p\000t\000i\000v\000e\000\040\000B\000l\000e\000n\000d}{section.4}% 13
\BOOKMARK [2][-]{subsection.4.5}{\376\377\000D\000e\000r\000i\000v\000i\000n\000g\000\040\000t\000h\000e\000\040\000E\000n\000e\000r\000g\000y\000\040\000F\000u\000n\000c\000t\000i\000o\000n\000a\000l\000\040\000f\000o\000r\000\040\000G\000r\000a\000v\000i\000t\000y\000M\000o\000d\000e\000E\000n\000g\000i\000n\000e}{section.4}% 14
\BOOKMARK [2][-]{subsection.4.6}{\376\377\000L\000y\000a\000p\000u\000n\000o\000v\000\040\000v\0002\000\040\000C\000o\000n\000t\000r\000o\000l\000l\000e\000r\000:\000\040\000A\000r\000m\000i\000j\000o\000\040\000+\000\040\000I\000S\000S\000\040\000+\000\040\000L\000a\000\040\000S\000a\000l\000l\000e}{section.4}% 15
\BOOKMARK [2][-]{subsection.4.7}{\376\377\000C\000o\000n\000n\000e\000c\000t\000i\000o\000n\000\040\000t\000o\000\040\000U\000D\000L}{section.4}% 16
\BOOKMARK [2][-]{subsection.4.8}{\376\377\000P\000r\000o\000p\000e\000r\000t\000i\000e\000s\000\040\000o\000f\000\040\000t\000h\000e\000\040\000e\000r\000f\000\040\000P\000o\000t\000e\000n\000t\000i\000a\000l}{section.4}% 17
\BOOKMARK [1][-]{section.5}{\376\377\000M\000u\000l\000t\000i\000-\000S\000p\000e\000c\000t\000r\000u\000m\000\040\000A\000r\000c\000h\000i\000t\000e\000c\000t\000u\000r\000e}{}% 18
\BOOKMARK [2][-]{subsection.5.1}{\376\377\000R\000e\000p\000r\000e\000s\000e\000n\000t\000a\000t\000i\000o\000n\000\040\000S\000t\000a\000c\000k}{section.5}% 19
\BOOKMARK [2][-]{subsection.5.2}{\376\377\000A\000n\000o\000m\000a\000l\000y\000\040\000T\000e\000n\000s\000o\000r\000\040\000a\000n\000d\000\040\000M\000D\000N\000\040\000D\000e\000c\000o\000m\000p\000o\000s\000i\000t\000i\000o\000n}{section.5}% 20
\BOOKMARK [2][-]{subsection.5.3}{\376\377\000B\000o\000u\000n\000d\000a\000r\000y\000-\000C\000e\000n\000t\000r\000e\000d\000\040\000D\000i\000m\000e\000n\000s\000i\000o\000n\000\040\000M\000a\000g\000n\000i\000f\000i\000e\000r}{section.5}% 21
\BOOKMARK [2][-]{subsection.5.4}{\376\377\000Q\000D\000A\000-\000M\000a\000g\000n\000i\000f\000i\000e\000d\000\040\000P\000r\000o\000j\000e\000c\000t\000i\000o\000n}{section.5}% 22
\BOOKMARK [2][-]{subsection.5.5}{\376\377\000E\000x\000t\000e\000n\000d\000e\000d\000\040\000S\000p\000e\000c\000t\000r\000u\000m\000\040\000O\000p\000e\000r\000a\000t\000o\000r\000s}{section.5}% 23
\BOOKMARK [2][-]{subsection.5.6}{\376\377\000T\000o\000p\000-\000k\000\040\000C\000o\000v\000e\000r\000a\000g\000e\000\040\000M\000e\000t\000r\000i\000c}{section.5}% 24
\BOOKMARK [2][-]{subsection.5.7}{\376\377\000P\000r\000o\000j\000e\000c\000t\000i\000o\000n\000\040\000S\000t\000r\000a\000t\000e\000g\000y\000\040\000C\000o\000m\000p\000a\000r\000i\000s\000o\000n}{section.5}% 25
\BOOKMARK [1][-]{section.6}{\376\377\000F\000u\000s\000e\000d\000\040\000T\000o\000p\000o\000l\000o\000g\000i\000c\000a\000l\000\040\000S\000c\000o\000r\000i\000n\000g\000\040\000A\000r\000c\000h\000i\000t\000e\000c\000t\000u\000r\000e}{}% 26
\BOOKMARK [2][-]{subsection.6.1}{\376\377\000M\000o\000r\000s\000e\000\040\000T\000o\000p\000o\000l\000o\000g\000y\000\040\000A\000l\000a\000r\000m}{section.6}% 27
\BOOKMARK [2][-]{subsection.6.2}{\376\377\000B\000e\000t\000t\000i\000\040\000B\000a\000r\000c\000o\000d\000e\000\040\000S\000u\000i\000t\000e}{section.6}% 28
\BOOKMARK [2][-]{subsection.6.3}{\376\377\000U\000D\000L\000\040\000P\000o\000s\000t\000-\000S\000i\000m\000u\000l\000a\000t\000i\000o\000n\000\040\000O\000p\000e\000r\000a\000t\000o\000r\000s}{section.6}% 29
\BOOKMARK [2][-]{subsection.6.4}{\376\377\000F\000u\000s\000i\000o\000n\000\040\000a\000n\000d\000\040\000F\000A\000R\000\040\000G\000a\000t\000i\000n\000g}{section.6}% 30
\BOOKMARK [1][-]{section.7}{\376\377\000F\000a\000l\000s\000e\000-\000A\000l\000a\000r\000m\000-\000R\000a\000t\000e\000\040\000C\000a\000l\000i\000b\000r\000a\000t\000i\000o\000n}{}% 31
\BOOKMARK [1][-]{section.8}{\376\377\000E\000x\000p\000e\000r\000i\000m\000e\000n\000t\000s}{}% 32
\BOOKMARK [2][-]{subsection.8.1}{\376\377\000S\000e\000t\000u\000p}{section.8}% 33
\BOOKMARK [2][-]{subsection.8.2}{\376\377\000E\000v\000a\000l\000u\000a\000t\000i\000o\000n\000\040\000P\000r\000o\000t\000o\000c\000o\000l\000\040\000a\000n\000d\000\040\000N\000o\000-\000L\000e\000a\000k\000a\000g\000e\000\040\000D\000i\000s\000c\000i\000p\000l\000i\000n\000e}{section.8}% 34
\BOOKMARK [2][-]{subsection.8.3}{\376\377\000C\000r\000o\000s\000s\000-\000V\000a\000l\000i\000d\000a\000t\000i\000o\000n}{section.8}% 35
\BOOKMARK [2][-]{subsection.8.4}{\376\377\000P\000e\000r\000-\000L\000a\000w\000\040\000D\000o\000m\000a\000i\000n\000\040\000A\000n\000a\000l\000y\000s\000i\000s}{section.8}% 36
\BOOKMARK [2][-]{subsection.8.5}{\376\377\000G\000r\000a\000v\000i\000t\000y\000E\000n\000g\000i\000n\000e\000\040\000C\000o\000n\000v\000e\000r\000g\000e\000n\000c\000e\000\040\000V\000e\000r\000i\000f\000i\000c\000a\000t\000i\000o\000n}{section.8}% 37
\BOOKMARK [2][-]{subsection.8.6}{\376\377\000N\000u\000m\000e\000r\000i\000c\000a\000l\000\040\000V\000e\000r\000i\000f\000i\000c\000a\000t\000i\000o\000n\000\040\000o\000f\000\040\000T\000h\000e\000o\000r\000e\000m\000s}{section.8}% 38
\BOOKMARK [2][-]{subsection.8.7}{\376\377\000I\000n\000v\000a\000r\000i\000a\000n\000c\000e\000\040\000A\000n\000a\000l\000y\000s\000i\000s}{section.8}% 39
\BOOKMARK [2][-]{subsection.8.8}{\376\377\000R\000e\000a\000l\000-\000W\000o\000r\000l\000d\000\040\000S\000e\000n\000s\000i\000t\000i\000v\000e\000-\000S\000e\000c\000t\000o\000r\000\040\000V\000a\000l\000i\000d\000a\000t\000i\000o\000n}{section.8}% 40
\BOOKMARK [1][-]{section.9}{\376\377\000D\000i\000s\000c\000u\000s\000s\000i\000o\000n}{}% 41
\BOOKMARK [1][-]{section.10}{\376\377\000B\000r\000o\000a\000d\000e\000r\000\040\000I\000m\000p\000a\000c\000t}{}% 42
\BOOKMARK [1][-]{section.11}{\376\377\000C\000o\000n\000c\000l\000u\000s\000i\000o\000n}{}% 43
\BOOKMARK [1][-]{appendix.A}{\376\377\000P\000r\000o\000o\000f\000s}{}% 44
\BOOKMARK [1][-]{appendix.B}{\376\377\000L\000y\000a\000p\000u\000n\000o\000v\000\040\000v\0002\000\040\000C\000o\000n\000v\000e\000r\000g\000e\000n\000c\000e\000\040\000P\000r\000o\000o\000f}{}% 45
\BOOKMARK [1][-]{appendix.C}{\376\377\000F\000o\000r\000c\000e\000-\000E\000n\000e\000r\000g\000y\000\040\000V\000e\000r\000i\000f\000i\000c\000a\000t\000i\000o\000n\000:\000\040\000W\000h\000y\000\040\000e\000r\000f\000\040\000I\000s\000\040\000N\000e\000c\000e\000s\000s\000a\000r\000y}{}% 46
