\BOOKMARK [1][-]{section.1}{\376\377\000T\000E\000C\000H\000N\000I\000C\000A\000L\000\040\000F\000I\000E\000L\000D}{}% 1
\BOOKMARK [1][-]{section.2}{\376\377\000B\000A\000C\000K\000G\000R\000O\000U\000N\000D}{}% 2
\BOOKMARK [2][-]{subsection.2.1}{\376\377\000T\000e\000c\000h\000n\000i\000c\000a\000l\000\040\000P\000r\000o\000b\000l\000e\000m\000s}{section.2}% 3
\BOOKMARK [3][-]{subsubsection.2.1.1}{\376\377\000L\000i\000m\000i\000t\000a\000t\000i\000o\000n\000\040\000o\000f\000\040\000S\000i\000n\000g\000l\000e\000-\000P\000e\000r\000s\000p\000e\000c\000t\000i\000v\000e\000\040\000A\000n\000o\000m\000a\000l\000y\000\040\000D\000e\000t\000e\000c\000t\000i\000o\000n}{subsection.2.1}% 4
\BOOKMARK [3][-]{subsubsection.2.1.2}{\376\377\000S\000t\000r\000u\000c\000t\000u\000r\000a\000l\000\040\000F\000a\000i\000l\000u\000r\000e\000\040\000M\000o\000d\000e\000s\000\040\000i\000n\000\040\000D\000e\000p\000l\000o\000y\000e\000d\000\040\000C\000l\000a\000s\000s\000i\000f\000i\000e\000r\000s}{subsection.2.1}% 5
\BOOKMARK [2][-]{subsection.2.2}{\376\377\000P\000r\000i\000o\000r\000\040\000A\000r\000t\000\040\000L\000i\000m\000i\000t\000a\000t\000i\000o\000n\000s}{section.2}% 6
\BOOKMARK [1][-]{section.3}{\376\377\000S\000U\000M\000M\000A\000R\000Y\000\040\000O\000F\000\040\000T\000H\000E\000\040\000I\000N\000V\000E\000N\000T\000I\000O\000N}{}% 7
\BOOKMARK [1][-]{section.4}{\376\377\000D\000E\000T\000A\000I\000L\000E\000D\000\040\000D\000E\000S\000C\000R\000I\000P\000T\000I\000O\000N}{}% 8
\BOOKMARK [2][-]{subsection.4.1}{\376\377\000S\000t\000a\000g\000e\000\040\0001\000:\000\040\000U\000n\000i\000v\000e\000r\000s\000a\000l\000\040\000D\000e\000v\000i\000a\000t\000i\000o\000n\000\040\000L\000a\000y\000e\000r\000\040\000\050\000U\000D\000L\000\051}{section.4}% 9
\BOOKMARK [3][-]{subsubsection.4.1.1}{\376\377\000U\000n\000i\000v\000e\000r\000s\000a\000l\000\040\000D\000e\000v\000i\000a\000t\000i\000o\000n\000\040\000P\000r\000i\000n\000c\000i\000p\000l\000e}{subsection.4.1}% 10
\BOOKMARK [3][-]{subsubsection.4.1.2}{\376\377\000S\000p\000e\000c\000t\000r\000u\000m\000\040\000O\000p\000e\000r\000a\000t\000o\000r\000s}{subsection.4.1}% 11
\BOOKMARK [3][-]{subsubsection.4.1.3}{\376\377\000A\000n\000o\000m\000a\000l\000y\000\040\000T\000e\000n\000s\000o\000r\000\040\000C\000o\000n\000s\000t\000r\000u\000c\000t\000i\000o\000n}{subsection.4.1}% 12
\BOOKMARK [3][-]{subsubsection.4.1.4}{\376\377\000M\000a\000g\000n\000i\000t\000u\000d\000e\040\023\000D\000i\000r\000e\000c\000t\000i\000o\000n\040\023\000N\000o\000v\000e\000l\000t\000y\000\040\000D\000e\000c\000o\000m\000p\000o\000s\000i\000t\000i\000o\000n}{subsection.4.1}% 13
\BOOKMARK [3][-]{subsubsection.4.1.5}{\376\377\000B\000o\000u\000n\000d\000a\000r\000y\000-\000C\000e\000n\000t\000r\000e\000d\000\040\000D\000i\000m\000e\000n\000s\000i\000o\000n\000\040\000M\000a\000g\000n\000i\000f\000i\000e\000r}{subsection.4.1}% 14
\BOOKMARK [3][-]{subsubsection.4.1.6}{\376\377\000C\000l\000a\000s\000s\000i\000f\000i\000c\000a\000t\000i\000o\000n\000\040\000S\000t\000a\000g\000e}{subsection.4.1}% 15
\BOOKMARK [3][-]{subsubsection.4.1.7}{\376\377\000C\000e\000n\000t\000r\000o\000i\000d\000\040\000E\000s\000t\000i\000m\000a\000t\000i\000o\000n}{subsection.4.1}% 16
\BOOKMARK [3][-]{subsubsection.4.1.8}{\376\377\000C\000o\000v\000e\000r\000a\000g\000e\000\040\000M\000e\000t\000r\000i\000c}{subsection.4.1}% 17
\BOOKMARK [2][-]{subsection.4.2}{\376\377\000S\000t\000a\000g\000e\000\040\0002\000:\000\040\000B\000l\000i\000n\000d\000\040\000S\000p\000o\000t\000\040\000D\000e\000c\000o\000m\000p\000o\000s\000i\000t\000i\000o\000n\000\040\000T\000h\000e\000o\000r\000y\000\040\000\050\000B\000S\000D\000T\000\051\000\040\000L\000a\000y\000e\000r}{section.4}% 18
\BOOKMARK [3][-]{subsubsection.4.2.1}{\376\377\000R\000e\000l\000a\000t\000i\000o\000n\000s\000h\000i\000p\000\040\000t\000o\000\040\000S\000t\000a\000g\000e\000\040\0001}{subsection.4.2}% 19
\BOOKMARK [3][-]{subsubsection.4.2.2}{\376\377\000C\000a\000m\000o\000u\000f\000l\000a\000g\000e\000\040\000C\000o\000m\000p\000o\000n\000e\000n\000t\000\040\000\050\000C\000\051}{subsection.4.2}% 20
\BOOKMARK [3][-]{subsubsection.4.2.3}{\376\377\000F\000e\000a\000t\000u\000r\000e\000\040\000G\000a\000p\000\040\000C\000o\000m\000p\000o\000n\000e\000n\000t\000\040\000\050\000G\000\051}{subsection.4.2}% 21
\BOOKMARK [3][-]{subsubsection.4.2.4}{\376\377\000A\000c\000t\000i\000v\000i\000t\000y\000\040\000A\000n\000o\000m\000a\000l\000y\000\040\000C\000o\000m\000p\000o\000n\000e\000n\000t\000\040\000\050\000A\000\051}{subsection.4.2}% 22
\BOOKMARK [3][-]{subsubsection.4.2.5}{\376\377\000T\000e\000m\000p\000o\000r\000a\000l\000\040\000N\000o\000v\000e\000l\000t\000y\000\040\000C\000o\000m\000p\000o\000n\000e\000n\000t\000\040\000\050\000T\000\051}{subsection.4.2}% 23
\BOOKMARK [3][-]{subsubsection.4.2.6}{\376\377\000S\000e\000l\000f\000-\000C\000a\000l\000i\000b\000r\000a\000t\000i\000n\000g\000\040\000W\000e\000i\000g\000h\000t\000\040\000C\000o\000m\000p\000u\000t\000a\000t\000i\000o\000n}{subsection.4.2}% 24
\BOOKMARK [3][-]{subsubsection.4.2.7}{\376\377\000C\000o\000r\000r\000e\000c\000t\000i\000o\000n\000\040\000O\000p\000e\000r\000a\000t\000o\000r\000s}{subsection.4.2}% 25
\BOOKMARK [3][-]{subsubsection.4.2.8}{\376\377\000S\000e\000v\000e\000n\000\040\000S\000u\000p\000p\000l\000e\000m\000e\000n\000t\000a\000r\000y\000\040\000F\000e\000a\000t\000u\000r\000e\000s}{subsection.4.2}% 26
\BOOKMARK [3][-]{subsubsection.4.2.9}{\376\377\000O\000r\000t\000h\000o\000g\000o\000n\000a\000l\000i\000t\000y\000\040\000V\000e\000r\000i\000f\000i\000c\000a\000t\000i\000o\000n}{subsection.4.2}% 27
\BOOKMARK [3][-]{subsubsection.4.2.10}{\376\377\000C\000r\000o\000s\000s\000-\000D\000o\000m\000a\000i\000n\000\040\000T\000r\000a\000n\000s\000f\000e\000r}{subsection.4.2}% 28
\BOOKMARK [2][-]{subsection.4.3}{\376\377\000C\000r\000o\000s\000s\000-\000D\000o\000m\000a\000i\000n\000\040\000P\000e\000r\000f\000o\000r\000m\000a\000n\000c\000e}{section.4}% 29
\BOOKMARK [2][-]{subsection.4.4}{\376\377\000P\000e\000r\000f\000o\000r\000m\000a\000n\000c\000e\000\040\000C\000h\000a\000r\000a\000c\000t\000e\000r\000i\000s\000t\000i\000c\000s}{section.4}% 30
\BOOKMARK [1][-]{section.5}{\376\377\000C\000L\000A\000I\000M\000S}{}% 31
\BOOKMARK [1][-]{section.6}{\376\377\000D\000R\000A\000W\000I\000N\000G\000S}{}% 32
