\BOOKMARK [1][-]{section.1}{\376\377\000T\000E\000C\000H\000N\000I\000C\000A\000L\000\040\000F\000I\000E\000L\000D}{}% 1
\BOOKMARK [1][-]{section.2}{\376\377\000B\000A\000C\000K\000G\000R\000O\000U\000N\000D}{}% 2
\BOOKMARK [2][-]{subsection.2.1}{\376\377\000T\000e\000c\000h\000n\000i\000c\000a\000l\000\040\000P\000r\000o\000b\000l\000e\000m\000s}{section.2}% 3
\BOOKMARK [3][-]{subsubsection.2.1.1}{\376\377\000S\000i\000n\000g\000l\000e\000-\000P\000e\000r\000s\000p\000e\000c\000t\000i\000v\000e\000\040\000A\000n\000o\000m\000a\000l\000y\000\040\000D\000e\000t\000e\000c\000t\000i\000o\000n\000\040\000F\000a\000i\000l\000s\000\040\000t\000o\000\040\000C\000o\000v\000e\000r\000\040\000t\000h\000e\000\040\000F\000u\000l\000l\000\040\000S\000p\000a\000c\000e\000\040\000o\000f\000\040\000F\000r\000a\000u\000d\000\040\000P\000a\000t\000t\000e\000r\000n\000s}{subsection.2.1}% 4
\BOOKMARK [3][-]{subsubsection.2.1.2}{\376\377\000S\000t\000r\000u\000c\000t\000u\000r\000a\000l\000\040\000B\000l\000i\000n\000d\000\040\000S\000p\000o\000t\000s\000\040\000i\000n\000\040\000D\000e\000p\000l\000o\000y\000e\000d\000\040\000S\000c\000o\000r\000i\000n\000g\000\040\000M\000o\000d\000e\000l\000s}{subsection.2.1}% 5
\BOOKMARK [3][-]{subsubsection.2.1.3}{\376\377\000P\000r\000e\000-\000S\000e\000t\000t\000l\000e\000m\000e\000n\000t\000\040\000E\000n\000f\000o\000r\000c\000e\000m\000e\000n\000t\000\040\000G\000a\000p}{subsection.2.1}% 6
\BOOKMARK [3][-]{subsubsection.2.1.4}{\376\377\000S\000t\000a\000t\000i\000c\000\040\000E\000n\000f\000o\000r\000c\000e\000m\000e\000n\000t\000\040\000P\000a\000r\000a\000m\000e\000t\000e\000r\000s}{subsection.2.1}% 7
\BOOKMARK [2][-]{subsection.2.2}{\376\377\000P\000r\000i\000o\000r\000\040\000A\000r\000t\000\040\000L\000i\000m\000i\000t\000a\000t\000i\000o\000n\000s}{section.2}% 8
\BOOKMARK [1][-]{section.3}{\376\377\000S\000U\000M\000M\000A\000R\000Y\000\040\000O\000F\000\040\000T\000H\000E\000\040\000I\000N\000V\000E\000N\000T\000I\000O\000N}{}% 9
\BOOKMARK [1][-]{section.4}{\376\377\000D\000E\000T\000A\000I\000L\000E\000D\000\040\000D\000E\000S\000C\000R\000I\000P\000T\000I\000O\000N}{}% 10
\BOOKMARK [2][-]{subsection.4.1}{\376\377\000S\000y\000s\000t\000e\000m\000\040\000A\000r\000c\000h\000i\000t\000e\000c\000t\000u\000r\000e\000\040\000O\000v\000e\000r\000v\000i\000e\000w}{section.4}% 11
\BOOKMARK [2][-]{subsection.4.2}{\376\377\000P\000r\000e\000-\000S\000e\000t\000t\000l\000e\000m\000e\000n\000t\000\040\000S\000m\000a\000r\000t\000\040\000C\000o\000n\000t\000r\000a\000c\000t\000\040\000E\000n\000f\000o\000r\000c\000e\000m\000e\000n\000t\000\040\000W\000o\000r\000k\000f\000l\000o\000w}{section.4}% 12
\BOOKMARK [2][-]{subsection.4.3}{\376\377\000M\000u\000l\000t\000i\000-\000S\000p\000e\000c\000t\000r\000u\000m\000\040\000T\000r\000a\000n\000s\000a\000c\000t\000i\000o\000n\000\040\000A\000n\000o\000m\000a\000l\000y\000\040\000E\000n\000g\000i\000n\000e\000\040\000\050\000U\000D\000L\000\051}{section.4}% 13
\BOOKMARK [3][-]{subsubsection.4.3.1}{\376\377\000U\000n\000i\000v\000e\000r\000s\000a\000l\000\040\000D\000e\000v\000i\000a\000t\000i\000o\000n\000\040\000P\000r\000i\000n\000c\000i\000p\000l\000e}{subsection.4.3}% 14
\BOOKMARK [3][-]{subsubsection.4.3.2}{\376\377\000S\000p\000e\000c\000t\000r\000u\000m\000\040\000O\000p\000e\000r\000a\000t\000o\000r\000s}{subsection.4.3}% 15
\BOOKMARK [3][-]{subsubsection.4.3.3}{\376\377\000A\000n\000o\000m\000a\000l\000y\000\040\000T\000e\000n\000s\000o\000r\000\040\000C\000o\000n\000s\000t\000r\000u\000c\000t\000i\000o\000n}{subsection.4.3}% 16
\BOOKMARK [3][-]{subsubsection.4.3.4}{\376\377\000M\000a\000g\000n\000i\000t\000u\000d\000e\040\023\000D\000i\000r\000e\000c\000t\000i\000o\000n\040\023\000N\000o\000v\000e\000l\000t\000y\000\040\000D\000e\000c\000o\000m\000p\000o\000s\000i\000t\000i\000o\000n}{subsection.4.3}% 17
\BOOKMARK [3][-]{subsubsection.4.3.5}{\376\377\000B\000o\000u\000n\000d\000a\000r\000y\000-\000C\000e\000n\000t\000r\000e\000d\000\040\000D\000i\000m\000e\000n\000s\000i\000o\000n\000\040\000M\000a\000g\000n\000i\000f\000i\000e\000r}{subsection.4.3}% 18
\BOOKMARK [3][-]{subsubsection.4.3.6}{\376\377\000C\000l\000a\000s\000s\000i\000f\000i\000c\000a\000t\000i\000o\000n\000\040\000a\000n\000d\000\040\000C\000o\000v\000e\000r\000a\000g\000e}{subsection.4.3}% 19
\BOOKMARK [2][-]{subsection.4.4}{\376\377\000F\000a\000i\000l\000u\000r\000e\000-\000M\000o\000d\000e\000\040\000C\000o\000r\000r\000e\000c\000t\000i\000o\000n\000\040\000L\000a\000y\000e\000r\000\040\000\050\000B\000S\000D\000T\000\051}{section.4}% 20
\BOOKMARK [3][-]{subsubsection.4.4.1}{\376\377\000R\000e\000l\000a\000t\000i\000o\000n\000s\000h\000i\000p\000\040\000t\000o\000\040\000S\000p\000e\000c\000t\000r\000u\000m\000\040\000O\000p\000e\000r\000a\000t\000o\000r\000s}{subsection.4.4}% 21
\BOOKMARK [3][-]{subsubsection.4.4.2}{\376\377\000C\000a\000m\000o\000u\000f\000l\000a\000g\000e\000\040\000C\000o\000m\000p\000o\000n\000e\000n\000t}{subsection.4.4}% 22
\BOOKMARK [3][-]{subsubsection.4.4.3}{\376\377\000F\000e\000a\000t\000u\000r\000e\000\040\000G\000a\000p\000\040\000C\000o\000m\000p\000o\000n\000e\000n\000t}{subsection.4.4}% 23
\BOOKMARK [3][-]{subsubsection.4.4.4}{\376\377\000A\000c\000t\000i\000v\000i\000t\000y\000\040\000A\000n\000o\000m\000a\000l\000y\000\040\000C\000o\000m\000p\000o\000n\000e\000n\000t}{subsection.4.4}% 24
\BOOKMARK [3][-]{subsubsection.4.4.5}{\376\377\000T\000e\000m\000p\000o\000r\000a\000l\000\040\000N\000o\000v\000e\000l\000t\000y\000\040\000C\000o\000m\000p\000o\000n\000e\000n\000t}{subsection.4.4}% 25
\BOOKMARK [3][-]{subsubsection.4.4.6}{\376\377\000C\000o\000m\000p\000o\000s\000i\000t\000e\000\040\000B\000l\000i\000n\000d\000-\000S\000p\000o\000t\000\040\000S\000c\000o\000r\000e\000\040\000a\000n\000d\000\040\000S\000e\000l\000f\000-\000C\000a\000l\000i\000b\000r\000a\000t\000i\000n\000g\000\040\000W\000e\000i\000g\000h\000t\000s}{subsection.4.4}% 26
\BOOKMARK [3][-]{subsubsection.4.4.7}{\376\377\000C\000o\000r\000r\000e\000c\000t\000i\000o\000n\000\040\000O\000p\000e\000r\000a\000t\000o\000r\000s}{subsection.4.4}% 27
\BOOKMARK [2][-]{subsection.4.5}{\376\377\000W\000e\000a\000k\000\040\000S\000u\000p\000e\000r\000v\000i\000s\000i\000o\000n\000\040\000O\000f\000f\000l\000i\000n\000e\000\040\000T\000r\000a\000i\000n\000i\000n\000g\000\040\000P\000i\000p\000e\000l\000i\000n\000e}{section.4}% 28
\BOOKMARK [2][-]{subsection.4.6}{\376\377\000C\000o\000m\000p\000l\000i\000a\000n\000c\000e\000\040\000D\000e\000c\000i\000s\000i\000o\000n\000\040\000M\000a\000t\000r\000i\000x}{section.4}% 29
\BOOKMARK [3][-]{subsubsection.4.6.1}{\376\377\000E\000x\000a\000m\000p\000l\000e\000\040\000E\000n\000f\000o\000r\000c\000e\000m\000e\000n\000t\000\040\000P\000r\000o\000f\000i\000l\000e\000s}{subsection.4.6}% 30
\BOOKMARK [2][-]{subsection.4.7}{\376\377\000S\000t\000a\000t\000e\000-\000A\000d\000a\000p\000t\000i\000v\000e\000\040\000T\000r\000a\000n\000s\000a\000c\000t\000i\000o\000n\000\040\000F\000l\000o\000w\000\040\000C\000o\000n\000t\000r\000o\000l\000\040\000M\000o\000d\000u\000l\000e}{section.4}% 31
\BOOKMARK [3][-]{subsubsection.4.7.1}{\376\377\000I\000n\000s\000t\000a\000b\000i\000l\000i\000t\000y\000\040\000M\000e\000t\000r\000i\000c\000s}{subsection.4.7}% 32
\BOOKMARK [3][-]{subsubsection.4.7.2}{\376\377\000E\000n\000f\000o\000r\000c\000e\000m\000e\000n\000t\000\040\000P\000r\000o\000f\000i\000l\000e\000\040\000S\000e\000l\000e\000c\000t\000i\000o\000n}{subsection.4.7}% 33
\BOOKMARK [3][-]{subsubsection.4.7.3}{\376\377\000G\000r\000a\000v\000i\000t\000a\000t\000i\000o\000n\000a\000l\000\040\000I\000n\000t\000e\000r\000a\000c\000t\000i\000o\000n\000\040\000E\000n\000g\000i\000n\000e}{subsection.4.7}% 34
\BOOKMARK [3][-]{subsubsection.4.7.4}{\376\377\000P\000a\000i\000r\000w\000i\000s\000e\000\040\000I\000n\000t\000e\000r\000a\000c\000t\000i\000o\000n\000\040\000P\000o\000t\000e\000n\000t\000i\000a\000l}{subsection.4.7}% 35
\BOOKMARK [3][-]{subsubsection.4.7.5}{\376\377\000M\000a\000c\000r\000o\000-\000L\000e\000v\000e\000l\000\040\000B\000l\000i\000n\000d\000-\000S\000p\000o\000t\000\040\000E\000n\000e\000r\000g\000y\000\040\000M\000o\000d\000u\000l\000e}{subsection.4.7}% 36
\BOOKMARK [3][-]{subsubsection.4.7.6}{\376\377\000C\000r\000i\000t\000i\000c\000a\000l\000\040\000M\000a\000n\000i\000f\000o\000l\000d}{subsection.4.7}% 37
\BOOKMARK [3][-]{subsubsection.4.7.7}{\376\377\000C\000l\000o\000s\000e\000d\000-\000F\000o\000r\000m\000\040\000O\000p\000t\000i\000m\000a\000l\000\040\000A\000d\000a\000p\000t\000i\000v\000e\000\040\000P\000o\000l\000i\000c\000y}{subsection.4.7}% 38
\BOOKMARK [3][-]{subsubsection.4.7.8}{\376\377\000N\000a\000v\000i\000e\000r\040\023\000S\000t\000o\000k\000e\000s\000\040\000A\000n\000a\000l\000o\000g\000y}{subsection.4.7}% 39
\BOOKMARK [2][-]{subsection.4.8}{\376\377\000Z\000e\000r\000o\000-\000K\000n\000o\000w\000l\000e\000d\000g\000e\000\040\000P\000r\000o\000o\000f\000\040\000S\000u\000b\000s\000y\000s\000t\000e\000m\000\040\000\050\000z\000k\000N\000A\000F\000\051}{section.4}% 40
\BOOKMARK [2][-]{subsection.4.9}{\376\377\000S\000m\000a\000r\000t\000\040\000C\000o\000n\000t\000r\000a\000c\000t\000\040\000A\000r\000c\000h\000i\000t\000e\000c\000t\000u\000r\000e}{section.4}% 41
\BOOKMARK [2][-]{subsection.4.10}{\376\377\000P\000e\000r\000f\000o\000r\000m\000a\000n\000c\000e\000\040\000C\000h\000a\000r\000a\000c\000t\000e\000r\000i\000s\000t\000i\000c\000s}{section.4}% 42
\BOOKMARK [1][-]{section.5}{\376\377\000C\000L\000A\000I\000M\000S}{}% 43
