\BOOKMARK [1][-]{section.1}{\376\377\000I\000n\000t\000r\000o\000d\000u\000c\000t\000i\000o\000n}{}% 1
\BOOKMARK [2][-]{subsection.1.1}{\376\377\000T\000h\000e\000\040\000F\000r\000a\000g\000m\000e\000n\000t\000a\000t\000i\000o\000n\000\040\000P\000r\000o\000b\000l\000e\000m}{section.1}% 2
\BOOKMARK [2][-]{subsection.1.2}{\376\377\000C\000e\000n\000t\000r\000a\000l\000\040\000T\000h\000e\000s\000i\000s}{section.1}% 3
\BOOKMARK [2][-]{subsection.1.3}{\376\377\000C\000o\000n\000t\000r\000i\000b\000u\000t\000i\000o\000n\000s}{section.1}% 4
\BOOKMARK [1][-]{section.2}{\376\377\000U\000n\000i\000f\000i\000e\000d\000\040\000B\000S\000D\000T\000\040\000T\000h\000e\000o\000r\000y}{}% 5
\BOOKMARK [2][-]{subsection.2.1}{\376\377\000F\000o\000u\000r\000-\000C\000h\000a\000n\000n\000e\000l\000\040\000D\000e\000c\000o\000m\000p\000o\000s\000i\000t\000i\000o\000n}{section.2}% 6
\BOOKMARK [2][-]{subsection.2.2}{\376\377\000A\000p\000p\000l\000i\000c\000a\000b\000l\000e\000\040\000S\000y\000s\000t\000e\000m\000\040\000C\000l\000a\000s\000s}{section.2}% 7
\BOOKMARK [2][-]{subsection.2.3}{\376\377\000B\000l\000i\000n\000d\000-\000S\000p\000o\000t\000\040\000E\000n\000e\000r\000g\000y\000\040\000F\000u\000n\000c\000t\000i\000o\000n\000a\000l}{section.2}% 8
\BOOKMARK [2][-]{subsection.2.4}{\376\377\000T\000h\000e\000\040\000E\000q\000u\000i\000v\000a\000l\000e\000n\000c\000e\000\040\000T\000h\000e\000o\000r\000e\000m\000\040\000\050\000T\000h\000e\000o\000r\000e\000m\000\040\000C\000\051}{section.2}% 9
\BOOKMARK [2][-]{subsection.2.5}{\376\377\000C\000r\000i\000t\000i\000c\000a\000l\000\040\000M\000a\000n\000i\000f\000o\000l\000d\000\040\000a\000n\000d\000\040\000P\000h\000a\000s\000e\000\040\000T\000r\000a\000n\000s\000i\000t\000i\000o\000n}{section.2}% 10
\BOOKMARK [2][-]{subsection.2.6}{\376\377\000T\000h\000e\000\040\000D\000u\000a\000l\000\040\000M\000e\000c\000h\000a\000n\000i\000s\000m\000:\000\040\000G\000e\000o\000m\000e\000t\000r\000y\000\040\000a\000n\000d\000\040\000C\000o\000n\000t\000r\000o\000l}{section.2}% 11
\BOOKMARK [2][-]{subsection.2.7}{\376\377\000S\000c\000o\000p\000e\000\040\000o\000f\000\040\000V\000a\000l\000i\000d\000i\000t\000y\000\040\000a\000n\000d\000\040\000R\000o\000b\000u\000s\000t\000n\000e\000s\000s}{section.2}% 12
\BOOKMARK [3][-]{subsubsection.2.7.1}{\376\377\000W\000h\000a\000t\000\040\000t\000h\000e\000\040\000T\000h\000e\000o\000r\000y\000\040\000P\000r\000o\000v\000e\000s\000\040\000\050\000a\000n\000d\000\040\000W\000h\000a\000t\000\040\000I\000t\000\040\000D\000o\000e\000s\000\040\000N\000o\000t\000\051}{subsection.2.7}% 13
\BOOKMARK [3][-]{subsubsection.2.7.2}{\376\377\000T\000h\000e\000\040\000G\000r\000a\000d\000i\000e\000n\000t\000\040\000A\000n\000t\000i\000-\000A\000l\000i\000g\000n\000m\000e\000n\000t\000\040\000P\000h\000e\000n\000o\000m\000e\000n\000o\000n}{subsection.2.7}% 14
\BOOKMARK [3][-]{subsubsection.2.7.3}{\376\377\000S\000u\000b\000l\000e\000v\000e\000l\000-\000S\000e\000t\000\040\000v\000s\000.\000\040\000G\000l\000o\000b\000a\000l\000\040\000V\000a\000l\000i\000d\000i\000t\000y}{subsection.2.7}% 15
\BOOKMARK [3][-]{subsubsection.2.7.4}{\376\377\000V\000e\000r\000i\000f\000i\000a\000b\000i\000l\000i\000t\000y\000\040\000o\000f\000\040\000A\000s\000s\000u\000m\000p\000t\000i\000o\000n\000s\000:\000\040\000P\000r\000e\000d\000i\000c\000t\000i\000v\000e\000,\000\040\000N\000o\000t\000\040\000M\000e\000r\000e\000l\000y\000\040\000D\000i\000a\000g\000n\000o\000s\000t\000i\000c}{subsection.2.7}% 16
\BOOKMARK [3][-]{subsubsection.2.7.5}{\376\377\000W\000h\000a\000t\000\040\000U\000n\000i\000v\000e\000r\000s\000a\000l\000i\000t\000y\000\040\000M\000e\000a\000n\000s\000\040\000\050\000a\000n\000d\000\040\000D\000o\000e\000s\000\040\000N\000o\000t\000\040\000M\000e\000a\000n\000\051}{subsection.2.7}% 17
\BOOKMARK [3][-]{subsubsection.2.7.6}{\376\377\000R\000e\000l\000a\000t\000i\000o\000n\000s\000h\000i\000p\000\040\000t\000o\000\040\000S\000u\000r\000r\000o\000g\000a\000t\000e\000\040\000E\000n\000e\000r\000g\000y\000\040\000I\000n\000t\000e\000r\000p\000r\000e\000t\000a\000t\000i\000o\000n}{subsection.2.7}% 18
\BOOKMARK [2][-]{subsection.2.8}{\376\377\000T\000h\000e\000\040\000D\000o\000u\000b\000l\000e\000-\000W\000e\000l\000l\000\040\000P\000o\000t\000e\000n\000t\000i\000a\000l\000\040\000a\000s\000\040\000C\000r\000o\000s\000s\000-\000D\000o\000m\000a\000i\000n\000\040\000B\000r\000i\000d\000g\000e}{section.2}% 19
\BOOKMARK [2][-]{subsection.2.9}{\376\377\000G\000e\000o\000m\000e\000t\000r\000i\000c\040\023\000T\000r\000i\000g\000o\000n\000o\000m\000e\000t\000r\000i\000c\000\040\000I\000n\000s\000t\000a\000n\000t\000i\000a\000t\000i\000o\000n\000\040\000o\000n\000\040\000t\000h\000e\000\040\000W\000h\000i\000t\000e\000n\000e\000d\000\040\000H\000y\000p\000e\000r\000s\000p\000h\000e\000r\000e}{section.2}% 20
\BOOKMARK [2][-]{subsection.2.10}{\376\377\000A\000d\000a\000p\000t\000i\000v\000e\000\040\000F\000r\000i\000c\000t\000i\000o\000n\000:\000\040\000T\000h\000e\000\040\000C\000r\000o\000s\000s\000-\000D\000o\000m\000a\000i\000n\000\040\000C\000o\000n\000t\000r\000o\000l\000\040\000L\000a\000w}{section.2}% 21
\BOOKMARK [1][-]{section.3}{\376\377\000D\000o\000m\000a\000i\000n\000\040\000I\000:\000\040\000A\000n\000o\000m\000a\000l\000y\000\040\000D\000e\000t\000e\000c\000t\000i\000o\000n\000\040\000a\000n\000d\000\040\000F\000r\000a\000u\000d}{}% 22
\BOOKMARK [2][-]{subsection.3.1}{\376\377\000S\000e\000t\000u\000p}{section.3}% 23
\BOOKMARK [2][-]{subsection.3.2}{\376\377\000K\000e\000y\000\040\000R\000e\000s\000u\000l\000t\000s}{section.3}% 24
\BOOKMARK [2][-]{subsection.3.3}{\376\377\000C\000r\000o\000s\000s\000-\000D\000o\000m\000a\000i\000n\000\040\000T\000r\000a\000n\000s\000f\000e\000r\000\040\000S\000i\000g\000n\000a\000l}{section.3}% 25
\BOOKMARK [1][-]{section.4}{\376\377\000D\000o\000m\000a\000i\000n\000\040\000I\000I\000:\000\040\000S\000y\000s\000t\000e\000m\000i\000c\000\040\000R\000i\000s\000k\000\040\000i\000n\000\040\000F\000i\000n\000a\000n\000c\000i\000a\000l\000\040\000a\000n\000d\000\040\000E\000n\000e\000r\000g\000y\000\040\000N\000e\000t\000w\000o\000r\000k\000s}{}% 26
\BOOKMARK [2][-]{subsection.4.1}{\376\377\000S\000e\000t\000u\000p\000\040\000a\000n\000d\000\040\000S\000I\000A\000M\000\040\000P\000a\000p\000e\000r\000\040\000S\000u\000m\000m\000a\000r\000y}{section.4}% 27
\BOOKMARK [2][-]{subsection.4.2}{\376\377\000S\000I\000A\000M\000\040\000P\000a\000p\000e\000r\000\040\000R\000e\000s\000u\000l\000t\000s}{section.4}% 28
\BOOKMARK [2][-]{subsection.4.3}{\376\377\000P\000h\000a\000s\000e\000\040\000T\000r\000a\000n\000s\000i\000t\000i\000o\000n\000\040\000V\000a\000l\000i\000d\000a\000t\000e\000d}{section.4}% 29
\BOOKMARK [2][-]{subsection.4.4}{\376\377\000G\000e\000o\000m\000e\000t\000r\000i\000c\040\023\000T\000r\000i\000g\000o\000n\000o\000m\000e\000t\000r\000i\000c\000\040\000S\000t\000r\000u\000c\000t\000u\000r\000a\000l\000\040\000B\000r\000e\000a\000k\000\040\000D\000e\000t\000e\000c\000t\000i\000o\000n\000\040\000o\000n\000\040\000t\000h\000e\000\040\000W\000h\000i\000t\000e\000n\000e\000d\000\040\000G\000-\000S\000I\000B\000\040\000P\000a\000n\000e\000l}{section.4}% 30
\BOOKMARK [3][-]{subsubsection.4.4.1}{\376\377\000S\000p\000e\000c\000t\000r\000a\000l\000\040\000W\000h\000i\000t\000e\000n\000i\000n\000g\000\040\000a\000n\000d\000\040\000C\000h\000i\000-\000S\000q\000u\000a\000r\000e\000d\000\040\000G\000e\000o\000m\000e\000t\000r\000y}{subsection.4.4}% 31
\BOOKMARK [3][-]{subsubsection.4.4.2}{\376\377\000S\000p\000h\000e\000r\000i\000c\000a\000l\000\040\000G\000e\000o\000m\000e\000t\000r\000y\000:\000\040\0003\0000\0000\000\040\000P\000a\000i\000r\000w\000i\000s\000e\000\040\000A\000r\000c\000c\000o\000s\000\040\000A\000n\000g\000l\000e\000s\000\040\000o\000n\000\040\000S\0004}{subsection.4.4}% 32
\BOOKMARK [3][-]{subsubsection.4.4.3}{\376\377\000M\000e\000a\000n\000\040\000R\000e\000s\000u\000l\000t\000a\000n\000t\000\040\000L\000e\000n\000g\000t\000h\000\040\000a\000n\000d\000\040\000M\000R\000L\040\023\000C\000o\000s\000i\000n\000e\000\040\000I\000d\000e\000n\000t\000i\000t\000y}{subsection.4.4}% 33
\BOOKMARK [3][-]{subsubsection.4.4.4}{\376\377\000C\000o\000m\000p\000o\000s\000i\000t\000e\000\040\000A\000l\000a\000r\000m\000\040\000T\000a\000b\000l\000e\000\040\000a\000n\000d\000\040\000L\000e\000a\000d\000\040\000T\000i\000m\000e\000s}{subsection.4.4}% 34
\BOOKMARK [3][-]{subsubsection.4.4.5}{\376\377\000D\000i\000a\000g\000r\000a\000m\000s\000:\000\040\000S\000p\000h\000e\000r\000i\000c\000a\000l\000\040\000C\000l\000u\000s\000t\000e\000r\000i\000n\000g\000\040\000a\000n\000d\000\040\000T\000i\000m\000e\000l\000i\000n\000e}{subsection.4.4}% 35
\BOOKMARK [3][-]{subsubsection.4.4.6}{\376\377\000P\000e\000r\000i\000o\000d\000\040\000S\000u\000m\000m\000a\000r\000y}{subsection.4.4}% 36
\BOOKMARK [1][-]{section.5}{\376\377\000D\000o\000m\000a\000i\000n\000\040\000I\000I\000I\000:\000\040\0003\000D\000\040\000I\000n\000c\000o\000m\000p\000r\000e\000s\000s\000i\000b\000l\000e\000\040\000N\000a\000v\000i\000e\000r\040\023\000S\000t\000o\000k\000e\000s}{}% 37
\BOOKMARK [2][-]{subsection.5.1}{\376\377\000S\000e\000t\000u\000p}{section.5}% 38
\BOOKMARK [2][-]{subsection.5.2}{\376\377\000K\000e\000y\000\040\000R\000e\000s\000u\000l\000t\000s}{section.5}% 39
\BOOKMARK [2][-]{subsection.5.3}{\376\377\000C\000o\000n\000n\000e\000c\000t\000i\000o\000n\000\040\000t\000o\000\040\000C\000o\000l\000l\000a\000p\000s\000e\000\040\000G\000e\000o\000m\000e\000t\000r\000y}{section.5}% 40
\BOOKMARK [1][-]{section.6}{\376\377\000D\000o\000m\000a\000i\000n\000\040\000I\000V\000:\000\040\000D\000e\000e\000p\000\040\000L\000e\000a\000r\000n\000i\000n\000g\000\040\000G\000r\000a\000d\000i\000e\000n\000t\000\040\000S\000t\000a\000b\000i\000l\000i\000t\000y}{}% 41
\BOOKMARK [2][-]{subsection.6.1}{\376\377\000S\000e\000t\000u\000p}{section.6}% 42
\BOOKMARK [2][-]{subsection.6.2}{\376\377\000K\000e\000y\000\040\000R\000e\000s\000u\000l\000t\000s}{section.6}% 43
\BOOKMARK [2][-]{subsection.6.3}{\376\377\000C\000o\000n\000n\000e\000c\000t\000i\000o\000n\000\040\000t\000o\000\040\000C\000o\000l\000l\000a\000p\000s\000e\000\040\000G\000e\000o\000m\000e\000t\000r\000y}{section.6}% 44
\BOOKMARK [1][-]{section.7}{\376\377\000D\000o\000m\000a\000i\000n\000\040\000V\000:\000\040\000R\000a\000n\000d\000o\000m\000\040\0003\000-\000S\000A\000T\000\040\000a\000t\000\040\000t\000h\000e\000\040\000P\000h\000a\000s\000e\000\040\000T\000r\000a\000n\000s\000i\000t\000i\000o\000n}{}% 45
\BOOKMARK [2][-]{subsection.7.1}{\376\377\000S\000e\000t\000u\000p}{section.7}% 46
\BOOKMARK [2][-]{subsection.7.2}{\376\377\000K\000e\000y\000\040\000R\000e\000s\000u\000l\000t\000s}{section.7}% 47
\BOOKMARK [2][-]{subsection.7.3}{\376\377\000C\000o\000n\000n\000e\000c\000t\000i\000o\000n\000\040\000t\000o\000\040\000C\000o\000l\000l\000a\000p\000s\000e\000\040\000G\000e\000o\000m\000e\000t\000r\000y}{section.7}% 48
\BOOKMARK [1][-]{section.8}{\376\377\000D\000o\000m\000a\000i\000n\000\040\000V\000I\000:\000\040\000S\000u\000p\000p\000l\000y\000\040\000C\000h\000a\000i\000n\000\040\000D\000i\000s\000r\000u\000p\000t\000i\000o\000n\000\040\000a\000n\000d\000\040\000R\000e\000s\000i\000l\000i\000e\000n\000c\000e}{}% 49
\BOOKMARK [2][-]{subsection.8.1}{\376\377\000M\000o\000t\000i\000v\000a\000t\000i\000o\000n}{section.8}% 50
\BOOKMARK [2][-]{subsection.8.2}{\376\377\000B\000S\000D\000T\000\040\000F\000o\000r\000m\000u\000l\000a\000t\000i\000o\000n}{section.8}% 51
\BOOKMARK [2][-]{subsection.8.3}{\376\377\000C\000r\000i\000t\000i\000c\000a\000l\000\040\000M\000a\000n\000i\000f\000o\000l\000d\000\040\000i\000n\000\040\000S\000u\000p\000p\000l\000y\000\040\000C\000h\000a\000i\000n\000s}{section.8}% 52
\BOOKMARK [2][-]{subsection.8.4}{\376\377\000H\000i\000s\000t\000o\000r\000i\000c\000a\000l\000\040\000V\000a\000l\000i\000d\000a\000t\000i\000o\000n\000\040\000T\000a\000r\000g\000e\000t\000s}{section.8}% 53
\BOOKMARK [2][-]{subsection.8.5}{\376\377\000E\000x\000p\000e\000r\000i\000m\000e\000n\000t\000s\000\040\000\050\000T\000o\000\040\000B\000e\000\040\000R\000u\000n\000\051}{section.8}% 54
\BOOKMARK [1][-]{section.9}{\376\377\000D\000o\000m\000a\000i\000n\000\040\000V\000I\000I\000:\000\040\000Q\000u\000a\000n\000t\000u\000m\000\040\000P\000h\000a\000s\000e\000\040\000T\000r\000a\000n\000s\000i\000t\000i\000o\000n\000\040\000D\000e\000t\000e\000c\000t\000i\000o\000n}{}% 55
\BOOKMARK [2][-]{subsection.9.1}{\376\377\000M\000o\000t\000i\000v\000a\000t\000i\000o\000n}{section.9}% 56
\BOOKMARK [2][-]{subsection.9.2}{\376\377\000S\000e\000t\000u\000p}{section.9}% 57
\BOOKMARK [2][-]{subsection.9.3}{\376\377\000K\000e\000y\000\040\000R\000e\000s\000u\000l\000t\000s}{section.9}% 58
\BOOKMARK [2][-]{subsection.9.4}{\376\377\000T\000h\000e\000\040\000D\000u\000a\000l\000\040\000R\000o\000l\000e\000:\000\040\000E\000B\000S\000\040\000a\000s\000\040\000C\000l\000a\000s\000s\000i\000f\000i\000e\000r\000,\000\040\000M\000F\000L\000S\000\040\000a\000s\000\040\000D\000e\000t\000e\000c\000t\000o\000r}{section.9}% 59
\BOOKMARK [2][-]{subsection.9.5}{\376\377\000C\000o\000n\000n\000e\000c\000t\000i\000o\000n\000\040\000t\000o\000\040\000C\000o\000l\000l\000a\000p\000s\000e\000\040\000G\000e\000o\000m\000e\000t\000r\000y}{section.9}% 60
\BOOKMARK [1][-]{section.10}{\376\377\000T\000h\000e\000\040\000C\000r\000o\000s\000s\000-\000D\000o\000m\000a\000i\000n\000\040\000C\000o\000l\000l\000a\000p\000s\000e\000\040\000T\000h\000e\000o\000r\000e\000m}{}% 61
\BOOKMARK [2][-]{subsection.10.1}{\376\377\000C\000o\000m\000m\000o\000n\000\040\000G\000e\000o\000m\000e\000t\000r\000i\000c\000\040\000S\000t\000r\000u\000c\000t\000u\000r\000e}{section.10}% 62
\BOOKMARK [2][-]{subsection.10.2}{\376\377\000T\000h\000e\000\040\000C\000r\000o\000s\000s\000-\000D\000o\000m\000a\000i\000n\000\040\000C\000o\000l\000l\000a\000p\000s\000e\000\040\000T\000h\000e\000o\000r\000e\000m}{section.10}% 63
\BOOKMARK [2][-]{subsection.10.3}{\376\377\000P\000r\000o\000o\000f\000\040\000S\000k\000e\000t\000c\000h}{section.10}% 64
\BOOKMARK [2][-]{subsection.10.4}{\376\377\000E\000m\000p\000i\000r\000i\000c\000a\000l\000\040\000V\000e\000r\000i\000f\000i\000c\000a\000t\000i\000o\000n\000\040\000o\000f\000\040\000C\000r\000o\000s\000s\000-\000D\000o\000m\000a\000i\000n\000\040\000C\000o\000l\000l\000a\000p\000s\000e}{section.10}% 65
\BOOKMARK [1][-]{section.11}{\376\377\000G\000e\000o\000m\000e\000t\000r\000y\000\040\000o\000f\000\040\000t\000h\000e\000\040\000C\000r\000i\000t\000i\000c\000a\000l\000\040\000M\000a\000n\000i\000f\000o\000l\000d\000\040\000C\000*}{}% 66
\BOOKMARK [2][-]{subsection.11.1}{\376\377\000C\000u\000r\000v\000a\000t\000u\000r\000e\000\040\000A\000n\000i\000s\000o\000t\000r\000o\000p\000y\000\040\000P\000r\000o\000v\000e\000s\000\040\000D\000e\000t\000e\000c\000t\000i\000o\000n\000\040\000D\000i\000f\000f\000i\000c\000u\000l\000t\000y\000\040\000I\000s\000\040\000G\000e\000o\000m\000e\000t\000r\000i\000c}{section.11}% 67
\BOOKMARK [2][-]{subsection.11.2}{\376\377\000G\000e\000o\000d\000e\000s\000i\000c\000\040\000D\000i\000s\000t\000a\000n\000c\000e\000\040\000M\000a\000t\000r\000i\000x\000\040\000R\000e\000v\000e\000a\000l\000s\000\040\000D\000o\000m\000a\000i\000n\000\040\000C\000l\000u\000s\000t\000e\000r\000i\000n\000g}{section.11}% 68
\BOOKMARK [2][-]{subsection.11.3}{\376\377\000C\000o\000n\000d\000i\000t\000i\000o\000n\000\040\000N\000u\000m\000b\000e\000r\000\040\000Q\000u\000a\000n\000t\000i\000f\000i\000e\000s\000\040\000t\000h\000e\000\040\000W\000o\000r\000s\000t\000-\000C\000a\000s\000e\000\040\000B\000l\000i\000n\000d\000\040\000S\000p\000o\000t}{section.11}% 69
\BOOKMARK [2][-]{subsection.11.4}{\376\377\000P\000r\000i\000n\000c\000i\000p\000a\000l\000\040\000C\000r\000o\000s\000s\000-\000S\000e\000c\000t\000i\000o\000n\000s\000\040\000a\000n\000d\000\040\000N\000e\000s\000t\000e\000d\000\040\000C\000o\000n\000t\000o\000u\000r\000s}{section.11}% 70
\BOOKMARK [2][-]{subsection.11.5}{\376\377\000C\000u\000r\000v\000a\000t\000u\000r\000e\000\040\000P\000r\000o\000f\000i\000l\000e\000s\000\040\000A\000l\000o\000n\000g\000\040\000M\000e\000r\000i\000d\000i\000a\000n\000s}{section.11}% 71
\BOOKMARK [2][-]{subsection.11.6}{\376\377\000S\000u\000r\000f\000a\000c\000e\000\040\000N\000o\000r\000m\000a\000l\000s\000\040\000a\000n\000d\000\040\000t\000h\000e\000\040\000C\000u\000r\000v\000a\000t\000u\000r\000e\040\023\000D\000e\000t\000e\000c\000t\000i\000o\000n\000\040\000L\000i\000n\000k}{section.11}% 72
\BOOKMARK [2][-]{subsection.11.7}{\376\377\000A\000n\000g\000u\000l\000a\000r\000\040\000S\000e\000p\000a\000r\000a\000t\000i\000o\000n\000\040\000a\000n\000d\000\040\000C\000r\000o\000s\000s\000-\000D\000o\000m\000a\000i\000n\000\040\000T\000r\000a\000n\000s\000f\000e\000r}{section.11}% 73
\BOOKMARK [2][-]{subsection.11.8}{\376\377\000V\000o\000l\000u\000m\000e\040\023\000T\000h\000r\000e\000s\000h\000o\000l\000d\000\040\000T\000r\000a\000d\000e\000o\000f\000f}{section.11}% 74
\BOOKMARK [2][-]{subsection.11.9}{\376\377\000G\000e\000o\000m\000e\000t\000r\000i\000c\000\040\000P\000r\000e\000d\000i\000c\000t\000i\000o\000n\000:\000\040\000F\000r\000o\000m\000\040\000D\000a\000t\000a\000\040\000t\000o\000\040\000D\000e\000t\000e\000c\000t\000i\000o\000n\000\040\000i\000n\000\040\000T\000h\000r\000e\000e\000\040\000S\000t\000e\000p\000s}{section.11}% 75
\BOOKMARK [2][-]{subsection.11.10}{\376\377\000S\000u\000m\000m\000a\000r\000y\000\040\000o\000f\000\040\000G\000e\000o\000m\000e\000t\000r\000i\000c\000\040\000S\000i\000g\000n\000i\000f\000i\000c\000a\000n\000c\000e}{section.11}% 76
\BOOKMARK [2][-]{subsection.11.11}{\376\377\000S\000c\000a\000l\000a\000b\000l\000e\000\040\000R\000e\000p\000l\000a\000c\000e\000m\000e\000n\000t\000\040\000o\000f\000\040\000t\000h\000e\000\040\000P\000a\000i\000r\000w\000i\000s\000e\000\040\000T\000e\000n\000s\000o\000r}{section.11}% 77
\BOOKMARK [1][-]{section.12}{\376\377\000C\000r\000o\000s\000s\000-\000D\000o\000m\000a\000i\000n\000\040\000T\000r\000a\000n\000s\000f\000e\000r\000\040\000a\000n\000d\000\040\000H\000y\000p\000e\000r\000p\000a\000r\000a\000m\000e\000t\000e\000r\000\040\000S\000t\000a\000b\000i\000l\000i\000t\000y}{}% 78
\BOOKMARK [2][-]{subsection.12.1}{\376\377\000S\000h\000a\000r\000e\000d\000\040\000H\000y\000p\000e\000r\000p\000a\000r\000a\000m\000e\000t\000e\000r\000s}{section.12}% 79
\BOOKMARK [2][-]{subsection.12.2}{\376\377\000T\000r\000a\000n\000s\000f\000e\000r\000\040\000E\000x\000p\000e\000r\000i\000m\000e\000n\000t\000s}{section.12}% 80
\BOOKMARK [1][-]{section.13}{\376\377\000R\000e\000l\000a\000t\000e\000d\000\040\000W\000o\000r\000k}{}% 81
\BOOKMARK [2][-]{subsection.13.1}{\376\377\000D\000o\000m\000a\000i\000n\000-\000S\000p\000e\000c\000i\000f\000i\000c\000\040\000S\000t\000a\000b\000i\000l\000i\000t\000y\000\040\000M\000e\000t\000h\000o\000d\000s}{section.13}% 82
\BOOKMARK [2][-]{subsection.13.2}{\376\377\000C\000r\000o\000s\000s\000-\000D\000o\000m\000a\000i\000n\000\040\000F\000r\000a\000m\000e\000w\000o\000r\000k\000s\000\040\000\050\000C\000l\000a\000i\000m\000e\000d\000\051}{section.13}% 83
\BOOKMARK [2][-]{subsection.13.3}{\376\377\000P\000o\000s\000i\000t\000i\000o\000n\000i\000n\000g}{section.13}% 84
\BOOKMARK [1][-]{section.14}{\376\377\000D\000i\000s\000c\000u\000s\000s\000i\000o\000n}{}% 85
\BOOKMARK [2][-]{subsection.14.1}{\376\377\000W\000h\000y\000\040\000D\000o\000e\000s\000\040\000t\000h\000e\000\040\000G\000e\000o\000m\000e\000t\000r\000i\000c\000\040\000S\000t\000r\000u\000c\000t\000u\000r\000e\000\040\000T\000r\000a\000n\000s\000f\000e\000r\000?}{section.14}% 86
\BOOKMARK [2][-]{subsection.14.2}{\376\377\000L\000i\000m\000i\000t\000a\000t\000i\000o\000n\000s}{section.14}% 87
\BOOKMARK [2][-]{subsection.14.3}{\376\377\000A\000d\000d\000r\000e\000s\000s\000i\000n\000g\000\040\000P\000o\000t\000e\000n\000t\000i\000a\000l\000\040\000O\000v\000e\000r\000c\000l\000a\000i\000m\000\040\000C\000o\000n\000c\000e\000r\000n\000s}{section.14}% 88
\BOOKMARK [2][-]{subsection.14.4}{\376\377\000F\000u\000t\000u\000r\000e\000\040\000D\000i\000r\000e\000c\000t\000i\000o\000n\000s}{section.14}% 89
\BOOKMARK [1][-]{section.15}{\376\377\000C\000o\000n\000c\000l\000u\000s\000i\000o\000n}{}% 90
\BOOKMARK [1][-]{appendix.A}{\376\377\000P\000r\000o\000o\000f\000s}{}% 91
\BOOKMARK [1][-]{appendix.B}{\376\377\000E\000x\000t\000e\000n\000d\000e\000d\000\040\000R\000e\000s\000u\000l\000t\000s\000\040\000T\000a\000b\000l\000e\000s}{}% 92
\BOOKMARK [1][-]{appendix.C}{\376\377\000R\000e\000p\000r\000o\000d\000u\000c\000i\000b\000i\000l\000i\000t\000y}{}% 93
