\BOOKMARK [1][-]{section.1}{\376\377\000I\000n\000t\000r\000o\000d\000u\000c\000t\000i\000o\000n}{}% 1
\BOOKMARK [1][-]{section.2}{\376\377\000F\000o\000u\000n\000d\000a\000t\000i\000o\000n\000s\000\040\000a\000n\000d\000\040\000A\000s\000s\000u\000m\000p\000t\000i\000o\000n\000s}{}% 2
\BOOKMARK [2][-]{subsection.2.1}{\376\377\000S\000t\000a\000n\000d\000i\000n\000g\000\040\000a\000s\000s\000u\000m\000p\000t\000i\000o\000n\000s}{section.2}% 3
\BOOKMARK [2][-]{subsection.2.2}{\376\377\000T\000h\000e\000\040\000s\000i\000n\000g\000u\000l\000a\000r\000\040\000s\000e\000t\000\040\000a\000n\000d\000\040\000i\000t\000s\000\040\000r\000e\000s\000o\000l\000u\000t\000i\000o\000n}{section.2}% 4
\BOOKMARK [2][-]{subsection.2.3}{\376\377\000W\000e\000l\000l\000-\000p\000o\000s\000e\000d\000n\000e\000s\000s}{section.2}% 5
\BOOKMARK [1][-]{section.3}{\376\377\000C\000a\000n\000o\000n\000i\000c\000a\000l\000\040\000C\000o\000r\000e\000\040\000E\000q\000u\000a\000t\000i\000o\000n}{}% 6
\BOOKMARK [1][-]{section.4}{\376\377\000L\000o\000c\000k\000e\000d\000\040\000D\000e\000f\000i\000n\000i\000t\000i\000o\000n\000s}{}% 7
\BOOKMARK [2][-]{subsection.4.1}{\376\377\000R\000e\000p\000r\000e\000s\000e\000n\000t\000a\000t\000i\000o\000n\000\040\000m\000a\000p}{section.4}% 8
\BOOKMARK [2][-]{subsection.4.2}{\376\377\000E\000n\000e\000r\000g\000y\000\040\000f\000u\000n\000c\000t\000i\000o\000n\000a\000l}{section.4}% 9
\BOOKMARK [2][-]{subsection.4.3}{\376\377\000S\000t\000a\000t\000e\000-\000s\000p\000a\000c\000e\000\040\000g\000r\000a\000d\000i\000e\000n\000t}{section.4}% 10
\BOOKMARK [2][-]{subsection.4.4}{\376\377\000M\000o\000d\000i\000f\000i\000e\000d\000\040\000d\000y\000n\000a\000m\000i\000c\000s}{section.4}% 11
\BOOKMARK [2][-]{subsection.4.5}{\376\377\000A\000d\000a\000p\000t\000i\000v\000e\000\040\000c\000o\000n\000t\000r\000o\000l\000\040\000g\000a\000i\000n}{section.4}% 12
\BOOKMARK [1][-]{section.5}{\376\377\000S\000y\000s\000t\000e\000m\000\040\000R\000u\000l\000e\000s\000\040\000\050\000I\000n\000v\000i\000o\000l\000a\000b\000l\000e\000\051}{}% 13
\BOOKMARK [1][-]{section.6}{\376\377\000F\000o\000r\000w\000a\000r\000d\000\040\000C\000h\000a\000i\000n}{}% 14
\BOOKMARK [1][-]{section.6}{\376\377\000S\000e\000c\000t\000i\000o\000n\000\040\000B\000.\0002\000\040\040\024\000\040\000S\000t\000a\000t\000e\000-\000S\000p\000a\000c\000e\000\040\000D\000y\000n\000a\000m\000i\000c\000s}{}% 15
\BOOKMARK [2][-]{section*.2}{\376\377\000S\000e\000c\000t\000i\000o\000n\000\040\000B\000.\0002\000a\000\040\040\024\000\040\000M\000o\000d\000i\000f\000i\000e\000d\000\040\000F\000o\000r\000c\000e\000\040\000D\000e\000f\000i\000n\000i\000t\000i\000o\000n}{section.6}% 16
\BOOKMARK [1][-]{section*.2}{\376\377\000S\000e\000c\000t\000i\000o\000n\000\040\000C\000.\0005\000\040\040\024\000\040\000H\000e\000s\000s\000i\000a\000n\000\040\000a\000n\000d\000\040\000C\000u\000r\000v\000a\000t\000u\000r\000e\000\040\000T\000e\000n\000s\000o\000r}{}% 17
\BOOKMARK [1][-]{theorem.6.4}{\376\377\000S\000e\000c\000t\000i\000o\000n\000\040\000D\000.\0003\000\040\040\024\000\040\000C\000u\000r\000v\000a\000t\000u\000r\000e\000\040\000M\000a\000n\000i\000f\000o\000l\000d}{}% 18
\BOOKMARK [1][-]{theorem.6.6}{\376\377\000S\000e\000c\000t\000i\000o\000n\000\040\000H\000.\0001\000\040\040\024\000\040\000N\000u\000m\000e\000r\000i\000c\000a\000l\000\040\000I\000m\000p\000l\000e\000m\000e\000n\000t\000a\000t\000i\000o\000n}{}% 19
\BOOKMARK [1][-]{section.7}{\376\377\000M\000a\000i\000n\000\040\000S\000t\000a\000b\000i\000l\000i\000t\000y\000\040\000T\000h\000e\000o\000r\000e\000m\000s}{}% 20
\BOOKMARK [2][-]{subsection.7.1}{\376\377\000L\000y\000a\000p\000u\000n\000o\000v\000\040\000d\000e\000s\000c\000e\000n\000t}{section.7}% 21
\BOOKMARK [2][-]{subsection.7.2}{\376\377\000A\000s\000y\000m\000p\000t\000o\000t\000i\000c\000\040\000s\000t\000a\000b\000i\000l\000i\000t\000y}{section.7}% 22
\BOOKMARK [2][-]{subsection.7.3}{\376\377\000E\000x\000p\000o\000n\000e\000n\000t\000i\000a\000l\000\040\000r\000a\000t\000e}{section.7}% 23
\BOOKMARK [2][-]{subsection.7.4}{\376\377\000U\000l\000t\000i\000m\000a\000t\000e\000\040\000b\000o\000u\000n\000d\000e\000d\000n\000e\000s\000s\000\040\000w\000i\000t\000h\000\040\000n\000o\000n\000-\000z\000e\000r\000o\000\040\000F\000b\000a\000s\000e}{section.7}% 24
\BOOKMARK [1][-]{section.8}{\376\377\000A\000p\000p\000l\000i\000c\000a\000t\000i\000o\000n\000\040\000D\000o\000m\000a\000i\000n\000s}{}% 25
\BOOKMARK [2][-]{subsection.8.1}{\376\377\000T\000r\000a\000d\000i\000n\000g\000\040\000/\000\040\000s\000t\000a\000t\000i\000s\000t\000i\000c\000a\000l\000-\000a\000r\000b\000i\000t\000r\000a\000g\000e\000\040\000s\000p\000r\000e\000a\000d\000\040\000c\000o\000n\000t\000r\000o\000l}{section.8}% 26
\BOOKMARK [2][-]{subsection.8.2}{\376\377\000S\000p\000e\000c\000t\000r\000a\000l\000\040\000/\000\040\000G\000a\000l\000e\000r\000k\000i\000n\000\040\000P\000D\000E\000\040\000c\000o\000n\000t\000r\000o\000l}{section.8}% 27
\BOOKMARK [2][-]{subsection.8.3}{\376\377\000F\000i\000r\000s\000t\000-\000o\000r\000d\000e\000r\000\040\000o\000p\000t\000i\000m\000i\000s\000a\000t\000i\000o\000n}{section.8}% 28
\BOOKMARK [2][-]{subsection.8.4}{\376\377\000T\000a\000s\000k\000-\000s\000p\000a\000c\000e\000\040\000r\000o\000b\000o\000t\000i\000c\000s\000\040\000c\000o\000n\000t\000r\000o\000l}{section.8}% 29
\BOOKMARK [1][-]{section.9}{\376\377\000D\000o\000m\000a\000i\000n\000\040\000P\000a\000r\000a\000m\000e\000t\000e\000r\000i\000s\000a\000t\000i\000o\000n}{}% 30
\BOOKMARK [1][-]{section.10}{\376\377\000V\000e\000r\000i\000f\000i\000c\000a\000t\000i\000o\000n\000\040\000C\000h\000e\000c\000k\000l\000i\000s\000t}{}% 31
\BOOKMARK [1][-]{section.11}{\376\377\000S\000t\000r\000u\000c\000t\000u\000r\000e\000\040\000F\000r\000e\000e\000z\000e}{}% 32
\BOOKMARK [1][-]{section.12}{\376\377\000S\000u\000m\000m\000a\000r\000y\000\040\040\024\000\040\000O\000n\000e\000\040\000L\000i\000n\000e}{}% 33
\BOOKMARK [1][-]{appendix.A}{\376\377\000S\000y\000m\000b\000o\000l\000\040\000T\000a\000b\000l\000e}{}% 34
\BOOKMARK [1][-]{appendix.B}{\376\377\000Q\000u\000i\000c\000k\000\040\000R\000e\000f\000e\000r\000e\000n\000c\000e\000\040\000C\000a\000r\000d}{}% 35
\BOOKMARK [1][-]{appendix.C}{\376\377\000P\000r\000o\000o\000f\000\040\000R\000o\000a\000d\000m\000a\000p\000\040\000\050\000N\000e\000x\000t\000\040\000S\000t\000e\000p\000s\000\051}{}% 36
\BOOKMARK [0][-]{part.1}{\376\377\000P\000a\000r\000t\000\040\0001\000.\000\040\000G\000e\000o\000m\000e\000t\000r\000i\000c\000\040\000E\000x\000t\000e\000n\000s\000i\000o\000n\000s}{}% 37
\BOOKMARK [1][-]{appendix.D}{\376\377\000F\000r\000a\000c\000t\000a\000l\000-\000G\000e\000o\000m\000e\000t\000r\000i\000c\000\040\000E\000x\000t\000e\000n\000s\000i\000o\000n}{part.1}% 38
\BOOKMARK [2][-]{subsection.D.1}{\376\377\000M\000o\000t\000i\000v\000a\000t\000i\000o\000n\000\040\000a\000n\000d\000\040\000s\000e\000t\000u\000p}{appendix.D}% 39
\BOOKMARK [2][-]{subsection.D.2}{\376\377\000M\000u\000l\000t\000i\000-\000s\000c\000a\000l\000e\000\040\000r\000e\000p\000r\000e\000s\000e\000n\000t\000a\000t\000i\000o\000n}{appendix.D}% 40
\BOOKMARK [2][-]{subsection.D.3}{\376\377\000C\000l\000o\000s\000u\000r\000e\000\040\000u\000n\000d\000e\000r\000\040\000t\000h\000e\000\040\000c\000a\000n\000o\000n\000i\000c\000a\000l\000\040\000c\000o\000r\000e}{appendix.D}% 41
\BOOKMARK [1][-]{appendix.E}{\376\377\000C\000o\000n\000t\000a\000c\000t\000-\000G\000e\000o\000m\000e\000t\000r\000i\000c\000\040\000E\000x\000t\000e\000n\000s\000i\000o\000n}{part.1}% 42
\BOOKMARK [2][-]{subsection.E.1}{\376\377\000M\000o\000t\000i\000v\000a\000t\000i\000o\000n}{appendix.E}% 43
\BOOKMARK [2][-]{subsection.E.2}{\376\377\000C\000o\000n\000t\000a\000c\000t\000\040\000i\000n\000s\000t\000a\000n\000t\000i\000a\000t\000i\000o\000n}{appendix.E}% 44
\BOOKMARK [2][-]{subsection.E.3}{\376\377\000H\000o\000r\000i\000z\000o\000n\000t\000a\000l\000\040\000d\000e\000s\000c\000e\000n\000t\000\040\000p\000r\000o\000p\000e\000r\000t\000y}{appendix.E}% 45
\BOOKMARK [2][-]{subsection.E.4}{\376\377\000S\000u\000b\000r\000i\000e\000m\000a\000n\000n\000i\000a\000n\000\040\000s\000p\000e\000c\000i\000a\000l\000\040\000c\000a\000s\000e}{appendix.E}% 46
\BOOKMARK [1][-]{appendix.F}{\376\377\000G\000e\000o\000m\000e\000t\000r\000i\000c\000-\000F\000l\000o\000w\000\040\000E\000x\000t\000e\000n\000s\000i\000o\000n}{part.1}% 47
\BOOKMARK [2][-]{subsection.F.1}{\376\377\000T\000i\000m\000e\000-\000v\000a\000r\000y\000i\000n\000g\000\040\000m\000e\000t\000r\000i\000c}{appendix.F}% 48
\BOOKMARK [2][-]{subsection.F.2}{\376\377\000M\000o\000d\000i\000f\000i\000e\000d\000\040\000e\000n\000e\000r\000g\000y\000\040\000d\000e\000r\000i\000v\000a\000t\000i\000v\000e}{appendix.F}% 49
\BOOKMARK [2][-]{subsection.F.3}{\376\377\000J\000o\000i\000n\000t\000\040\000s\000t\000a\000b\000i\000l\000i\000t\000y}{appendix.F}% 50
\BOOKMARK [2][-]{subsection.F.4}{\376\377\000D\000i\000s\000c\000r\000e\000t\000i\000s\000a\000t\000i\000o\000n}{appendix.F}% 51
\BOOKMARK [1][-]{appendix.G}{\376\377\000U\000n\000i\000f\000i\000e\000d\000\040\000V\000i\000e\000w\000\040\000o\000f\000\040\000t\000h\000e\000\040\000T\000h\000r\000e\000e\000\040\000E\000x\000t\000e\000n\000s\000i\000o\000n\000s}{part.1}% 52
\BOOKMARK [0][-]{part.2}{\376\377\000P\000a\000r\000t\000\040\0002\000.\000\040\000I\000n\000f\000o\000r\000m\000a\000t\000i\000o\000n\000-\000G\000e\000o\000m\000e\000t\000r\000i\000c\000\040\000F\000l\000o\000w}{}% 53
\BOOKMARK [1][-]{appendix.H}{\376\377\000S\000t\000a\000t\000i\000s\000t\000i\000c\000a\000l\000\040\000s\000e\000t\000u\000p\000\040\000a\000n\000d\000\040\000t\000h\000e\000\040\000F\000i\000s\000h\000e\000r\000\040\000m\000e\000t\000r\000i\000c}{part.2}% 54
\BOOKMARK [2][-]{subsection.H.1}{\376\377\000F\000e\000a\000t\000u\000r\000e\000s\000\040\000a\000s\000\040\000s\000t\000a\000t\000i\000s\000t\000i\000c\000a\000l\000\040\000p\000a\000r\000a\000m\000e\000t\000e\000r\000s}{appendix.H}% 55
\BOOKMARK [2][-]{subsection.H.2}{\376\377\000F\000i\000s\000h\000e\000r\000\040\000m\000e\000t\000r\000i\000c\000\040\000i\000n\000\040\000t\000h\000e\000\040\000c\000a\000n\000o\000n\000i\000c\000a\000l\000\040\000s\000y\000s\000t\000e\000m}{appendix.H}% 56
\BOOKMARK [1][-]{appendix.I}{\376\377\000N\000a\000t\000u\000r\000a\000l\000\040\000g\000r\000a\000d\000i\000e\000n\000t\000\040\000a\000n\000d\000\040\000c\000h\000a\000r\000t\000\040\000c\000o\000v\000a\000r\000i\000a\000n\000c\000e}{part.2}% 57
\BOOKMARK [1][-]{appendix.J}{\376\377\000J\000o\000i\000n\000t\000\040\000s\000t\000a\000b\000i\000l\000i\000t\000y\000\040\000u\000n\000d\000e\000r\000\040\000F\000i\000s\000h\000e\000r\000\040\000f\000l\000o\000w}{part.2}% 58
\BOOKMARK [1][-]{appendix.K}{\376\377\000T\000h\000r\000e\000e\000\040\000n\000e\000w\000\040\000c\000o\000m\000p\000u\000t\000a\000t\000i\000o\000n\000a\000l\000\040\000c\000a\000p\000a\000b\000i\000l\000i\000t\000i\000e\000s}{part.2}% 59
\BOOKMARK [2][-]{subsection.K.1}{\376\377\000A\000d\000a\000p\000t\000i\000v\000e\000\040\000p\000r\000e\000c\000o\000n\000d\000i\000t\000i\000o\000n\000i\000n\000g\000\040\000a\000n\000d\000\040\000n\000a\000t\000u\000r\000a\000l\000-\000g\000r\000a\000d\000i\000e\000n\000t\000\040\000v\000a\000r\000i\000a\000n\000t}{appendix.K}% 60
\BOOKMARK [2][-]{subsection.K.2}{\376\377\000V\000a\000r\000i\000a\000t\000i\000o\000n\000a\000l\000\040\000i\000n\000f\000e\000r\000e\000n\000c\000e\000\040\000a\000n\000d\000\040\000M\000L\000E\000\040\000i\000n\000\040\000o\000n\000e\000\040\000m\000a\000p}{appendix.K}% 61
\BOOKMARK [2][-]{subsection.K.3}{\376\377\000I\000n\000f\000o\000r\000m\000a\000t\000i\000o\000n\000-\000g\000e\000o\000m\000e\000t\000r\000i\000c\000\040\000H\000e\000s\000s\000i\000a\000n}{appendix.K}% 62
\BOOKMARK [1][-]{appendix.L}{\376\377\000B\000r\000i\000d\000g\000e\000\040\000t\000o\000\040\000v\0005\000:\000\040\000s\000t\000o\000c\000h\000a\000s\000t\000i\000c\000\040\000e\000x\000t\000e\000n\000s\000i\000o\000n}{part.2}% 63
\BOOKMARK [1][-]{appendix.M}{\376\377\000M\000a\000s\000t\000e\000r\000\040\000u\000n\000i\000f\000i\000e\000d\000\040\000v\000i\000e\000w\000\040\000\050\000v\0002\000\040\000+\000\040\000v\0003\000\040\000+\000\040\000v\0004\000\051}{part.2}% 64
\BOOKMARK [0][-]{part.3}{\376\377\000P\000a\000r\000t\000\040\0003\000.\000\040\000S\000t\000o\000c\000h\000a\000s\000t\000i\000c\000\040\000C\000a\000n\000o\000n\000i\000c\000a\000l\000\040\000S\000D\000E}{}% 65
\BOOKMARK [1][-]{appendix.N}{\376\377\000C\000a\000n\000o\000n\000i\000c\000a\000l\000\040\000S\000D\000E}{part.3}% 66
\BOOKMARK [2][-]{subsection.N.1}{\376\377\000D\000r\000i\000f\000t\000,\000\040\000d\000i\000f\000f\000u\000s\000i\000o\000n\000,\000\040\000a\000n\000d\000\040\000t\000h\000e\000\040\000c\000a\000n\000o\000n\000i\000c\000a\000l\000\040\000S\000D\000E}{appendix.N}% 67
\BOOKMARK [2][-]{subsection.N.2}{\376\377\000W\000e\000l\000l\000-\000p\000o\000s\000e\000d\000n\000e\000s\000s}{appendix.N}% 68
\BOOKMARK [2][-]{subsection.N.3}{\376\377\000I\000t\000\364\000\040\000f\000o\000r\000m\000u\000l\000a\000\040\000f\000o\000r\000\040\000t\000h\000e\000\040\000e\000n\000e\000r\000g\000y}{appendix.N}% 69
\BOOKMARK [2][-]{subsection.N.4}{\376\377\000T\000h\000e\000\040\000c\000h\000a\000r\000t\000-\000i\000n\000t\000r\000i\000n\000s\000i\000c\000\040\000n\000o\000i\000s\000e\000\040\000f\000l\000o\000o\000r}{appendix.N}% 70
\BOOKMARK [2][-]{subsection.N.5}{\376\377\000M\000e\000a\000n\000-\000s\000q\000u\000a\000r\000e\000\040\000u\000l\000t\000i\000m\000a\000t\000e\000\040\000b\000o\000u\000n\000d\000e\000d\000n\000e\000s\000s}{appendix.N}% 71
\BOOKMARK [2][-]{subsection.N.6}{\376\377\000N\000a\000t\000u\000r\000a\000l\000-\000g\000r\000a\000d\000i\000e\000n\000t\000\040\000L\000a\000n\000g\000e\000v\000i\000n\000\040\000a\000n\000d\000\040\000t\000h\000e\000\040\000G\000i\000b\000b\000s\000\040\000m\000e\000a\000s\000u\000r\000e}{appendix.N}% 72
\BOOKMARK [2][-]{subsection.N.7}{\376\377\000B\000r\000i\000d\000g\000e\000\040\000b\000a\000c\000k\000\040\000t\000o\000\040\000v\0004}{appendix.N}% 73
\BOOKMARK [2][-]{subsection.N.8}{\376\377\000E\000m\000p\000i\000r\000i\000c\000a\000l\000\040\000v\000a\000l\000i\000d\000a\000t\000i\000o\000n\000:\000\040\000B\000T\000C\000/\000E\000T\000H\000/\000S\000O\000L\000,\000\040\0002\0000\0002\0001\040\023\0002\0000\0002\0006}{appendix.N}% 74
\BOOKMARK [1][-]{appendix.O}{\376\377\000L\000a\000y\000e\000r\000e\000d\000\040\000v\000a\000r\000i\000a\000b\000l\000e\000\040\000g\000l\000o\000s\000s\000a\000r\000y}{part.3}% 75
\BOOKMARK [2][-]{subsection.O.1}{\376\377\000L\000a\000y\000e\000r\000\040\0001\000\040\040\024\000\040\000C\000o\000r\000e\000\040\000s\000t\000a\000t\000e\000\040\000a\000n\000d\000\040\000g\000e\000o\000m\000e\000t\000r\000y}{appendix.O}% 76
\BOOKMARK [2][-]{subsection.O.2}{\376\377\000L\000a\000y\000e\000r\000\040\0002\000\040\040\024\000\040\000G\000r\000a\000d\000i\000e\000n\000t\000\040\000a\000n\000d\000\040\000f\000o\000r\000c\000e\000\040\000o\000b\000j\000e\000c\000t\000s}{appendix.O}% 77
\BOOKMARK [2][-]{subsection.O.3}{\376\377\000L\000a\000y\000e\000r\000\040\0003\000\040\040\024\000\040\000T\000h\000e\000\040\000c\000a\000n\000o\000n\000i\000c\000a\000l\000\040\000O\000D\000E}{appendix.O}% 78
\BOOKMARK [2][-]{subsection.O.4}{\376\377\000L\000a\000y\000e\000r\000\040\0004\000\040\040\024\000\040\000C\000u\000r\000v\000a\000t\000u\000r\000e\000\040\000a\000n\000d\000\040\000H\000e\000s\000s\000i\000a\000n\000\040\000o\000b\000j\000e\000c\000t\000s}{appendix.O}% 79
\BOOKMARK [2][-]{subsection.O.5}{\376\377\000L\000a\000y\000e\000r\000\040\0005\000\040\040\024\000\040\000P\000r\000e\000d\000i\000c\000t\000i\000v\000e\000\040\000d\000a\000s\000h\000b\000o\000a\000r\000d\000\040\000s\000c\000a\000l\000a\000r\000s}{appendix.O}% 80
\BOOKMARK [2][-]{subsection.O.6}{\376\377\000L\000a\000y\000e\000r\000\040\0006\000\040\040\024\000\040\000S\000t\000a\000b\000i\000l\000i\000t\000y\000\040\000t\000h\000e\000o\000r\000e\000m\000\040\000p\000a\000r\000a\000m\000e\000t\000e\000r\000s}{appendix.O}% 81
\BOOKMARK [2][-]{subsection.O.7}{\376\377\000L\000a\000y\000e\000r\000\040\0007\000\040\040\024\000\040\000G\000e\000o\000m\000e\000t\000r\000i\000c\000\040\000e\000x\000t\000e\000n\000s\000i\000o\000n\000s}{appendix.O}% 82
\BOOKMARK [2][-]{subsection.O.8}{\376\377\000L\000a\000y\000e\000r\000\040\0008\000\040\040\024\000\040\000I\000n\000f\000o\000r\000m\000a\000t\000i\000o\000n\000-\000g\000e\000o\000m\000e\000t\000r\000i\000c\000\040\000e\000x\000t\000e\000n\000s\000i\000o\000n}{appendix.O}% 83
\BOOKMARK [2][-]{subsection.O.9}{\376\377\000L\000a\000y\000e\000r\000\040\0009\000\040\040\024\000\040\000T\000h\000e\000r\000m\000o\000d\000y\000n\000a\000m\000i\000c\000\040\000d\000i\000c\000t\000i\000o\000n\000a\000r\000y}{appendix.O}% 84
\BOOKMARK [2][-]{subsection.O.10}{\376\377\000L\000a\000y\000e\000r\000\040\0001\0000\000\040\040\024\000\040\000G\000a\000m\000e\000-\000t\000h\000e\000o\000r\000e\000t\000i\000c\000\040\000v\000a\000r\000i\000a\000b\000l\000e\000s}{appendix.O}% 85
\BOOKMARK [2][-]{subsection.O.11}{\376\377\000L\000a\000y\000e\000r\000\040\0001\0001\000\040\040\024\000\040\000M\000u\000l\000t\000i\000-\000e\000n\000g\000i\000n\000e\000\040\000c\000o\000m\000p\000o\000s\000i\000t\000i\000o\000n}{appendix.O}% 86
\BOOKMARK [2][-]{subsection.O.12}{\376\377\000L\000a\000y\000e\000r\000\040\0001\0002\000\040\040\024\000\040\000G\000a\000p\000-\000c\000l\000o\000s\000u\000r\000e\000\040\000v\000a\000r\000i\000a\000b\000l\000e\000s}{appendix.O}% 87
\BOOKMARK [2][-]{subsection.O.13}{\376\377\000D\000e\000p\000e\000n\000d\000e\000n\000c\000y\000\040\000g\000r\000a\000p\000h}{appendix.O}% 88
